Nov  3 13:32:13 wh1t3r0s3-laptop anacron[947]: Job `cron.daily' terminated
Nov  3 13:32:13 wh1t3r0s3-laptop anacron[947]: Normal exit (1 job run)
Nov  3 13:35:11 wh1t3r0s3-laptop kernel: Kernel logging (proc) stopped.
Nov  3 13:35:11 wh1t3r0s3-laptop rsyslogd: [origin software="rsyslogd" swVersion="5.8.6" x-pid="530" x-info="http://www.rsyslog.com"] exiting on signal 15.
Nov  3 18:10:46 wh1t3r0s3-laptop kernel: imklog 5.8.6, log source = /proc/kmsg started.
Nov  3 18:10:46 wh1t3r0s3-laptop rsyslogd: [origin software="rsyslogd" swVersion="5.8.6" x-pid="580" x-info="http://www.rsyslog.com"] start
Nov  3 18:10:46 wh1t3r0s3-laptop rsyslogd: rsyslogd's groupid changed to 103
Nov  3 18:10:46 wh1t3r0s3-laptop rsyslogd: rsyslogd's userid changed to 101
Nov  3 18:10:46 wh1t3r0s3-laptop rsyslogd-2039: Could not open output pipe '/dev/xconsole' [try http://www.rsyslog.com/e/2039 ]
Nov  3 18:10:46 wh1t3r0s3-laptop kernel: [    0.000000] Initializing cgroup subsys cpuset
Nov  3 18:10:46 wh1t3r0s3-laptop kernel: [    0.000000] Initializing cgroup subsys cpu
Nov  3 18:10:46 wh1t3r0s3-laptop kernel: [    0.000000] Linux version 3.2.0-92-generic (buildd@lgw01-18) (gcc version 4.6.3 (Ubuntu/Linaro 4.6.3-1ubuntu5) ) #131-Ubuntu SMP Tue Oct 20 16:16:45 UTC 2015 (Ubuntu 3.2.0-92.131-generic 3.2.71)
Nov  3 18:10:46 wh1t3r0s3-laptop kernel: [    0.000000] KERNEL supported cpus:
Nov  3 18:10:46 wh1t3r0s3-laptop kernel: [    0.000000]   Intel GenuineIntel
Nov  3 18:10:46 wh1t3r0s3-laptop kernel: [    0.000000]   AMD AuthenticAMD
Nov  3 18:10:46 wh1t3r0s3-laptop kernel: [    0.000000]   NSC Geode by NSC
Nov  3 18:10:46 wh1t3r0s3-laptop kernel: [    0.000000]   Cyrix CyrixInstead
Nov  3 18:10:46 wh1t3r0s3-laptop kernel: [    0.000000]   Centaur CentaurHauls
Nov  3 18:10:46 wh1t3r0s3-laptop kernel: [    0.000000]   Transmeta GenuineTMx86
Nov  3 18:10:46 wh1t3r0s3-laptop kernel: [    0.000000]   Transmeta TransmetaCPU
Nov  3 18:10:46 wh1t3r0s3-laptop kernel: [    0.000000]   UMC UMC UMC UMC
Nov  3 18:10:46 wh1t3r0s3-laptop kernel: [    0.000000] BIOS-provided physical RAM map:
Nov  3 18:10:46 wh1t3r0s3-laptop kernel: [    0.000000]  BIOS-e820: 0000000000000000 - 000000000009fc00 (usable)
Nov  3 18:10:46 wh1t3r0s3-laptop kernel: [    0.000000]  BIOS-e820: 000000000009fc00 - 00000000000a0000 (reserved)
Nov  3 18:10:46 wh1t3r0s3-laptop kernel: [    0.000000]  BIOS-e820: 00000000000f0000 - 0000000000100000 (reserved)
Nov  3 18:10:46 wh1t3r0s3-laptop kernel: [    0.000000]  BIOS-e820: 0000000000100000 - 000000002fff0000 (usable)
Nov  3 18:10:46 wh1t3r0s3-laptop kernel: [    0.000000]  BIOS-e820: 000000002fff0000 - 0000000030000000 (ACPI data)
Nov  3 18:10:46 wh1t3r0s3-laptop kernel: [    0.000000]  BIOS-e820: 00000000fffc0000 - 0000000100000000 (reserved)
Nov  3 18:10:46 wh1t3r0s3-laptop kernel: [    0.000000] Notice: NX (Execute Disable) protection cannot be enabled in hardware: non-PAE kernel!
Nov  3 18:10:46 wh1t3r0s3-laptop kernel: [    0.000000] NX (Execute Disable) protection: approximated by x86 segment limits
Nov  3 18:10:46 wh1t3r0s3-laptop kernel: [    0.000000] SMBIOS 2.5 present.
Nov  3 18:10:46 wh1t3r0s3-laptop kernel: [    0.000000] DMI: innotek GmbH VirtualBox/VirtualBox, BIOS VirtualBox 12/01/2006
Nov  3 18:10:46 wh1t3r0s3-laptop kernel: [    0.000000] e820 update range: 0000000000000000 - 0000000000010000 (usable) ==> (reserved)
Nov  3 18:10:46 wh1t3r0s3-laptop kernel: [    0.000000] e820 remove range: 00000000000a0000 - 0000000000100000 (usable)
Nov  3 18:10:46 wh1t3r0s3-laptop kernel: [    0.000000] last_pfn = 0x2fff0 max_arch_pfn = 0x100000
Nov  3 18:10:46 wh1t3r0s3-laptop kernel: [    0.000000] MTRR default type: uncachable
Nov  3 18:10:46 wh1t3r0s3-laptop kernel: [    0.000000] MTRR variable ranges disabled:
Nov  3 18:10:46 wh1t3r0s3-laptop kernel: [    0.000000] x86 PAT enabled: cpu 0, old 0x7040600070406, new 0x7010600070106
Nov  3 18:10:46 wh1t3r0s3-laptop kernel: [    0.000000] CPU MTRRs all blank - virtualized system.
Nov  3 18:10:46 wh1t3r0s3-laptop kernel: [    0.000000] initial memory mapped : 0 - 01c00000
Nov  3 18:10:46 wh1t3r0s3-laptop kernel: [    0.000000] Base memory trampoline at [c009b000] 9b000 size 16384
Nov  3 18:10:46 wh1t3r0s3-laptop kernel: [    0.000000] init_memory_mapping: 0000000000000000-000000002fff0000
Nov  3 18:10:46 wh1t3r0s3-laptop kernel: [    0.000000]  0000000000 - 0000400000 page 4k
Nov  3 18:10:46 wh1t3r0s3-laptop kernel: [    0.000000]  0000400000 - 002fc00000 page 2M
Nov  3 18:10:46 wh1t3r0s3-laptop kernel: [    0.000000]  002fc00000 - 002fff0000 page 4k
Nov  3 18:10:46 wh1t3r0s3-laptop kernel: [    0.000000] kernel direct mapping tables up to 2fff0000 @ 1bf8000-1c00000
Nov  3 18:10:46 wh1t3r0s3-laptop kernel: [    0.000000] RAMDISK: 2e767000 - 2f4ee000
Nov  3 18:10:46 wh1t3r0s3-laptop kernel: [    0.000000] ACPI: RSDP 0x00000000000E0000 00024 (v02 VBOX  )
Nov  3 18:10:46 wh1t3r0s3-laptop kernel: [    0.000000] ACPI: XSDT 0x000000002FFF0030 00034 (v01 VBOX   VBOXXSDT 00000001 ASL  00000061)
Nov  3 18:10:46 wh1t3r0s3-laptop kernel: [    0.000000] ACPI: FACP 0x000000002FFF00F0 000F4 (v04 VBOX   VBOXFACP 00000001 ASL  00000061)
Nov  3 18:10:46 wh1t3r0s3-laptop kernel: [    0.000000] ACPI: DSDT 0x000000002FFF0410 01CEB (v01 VBOX   VBOXBIOS 00000002 INTL 20100528)
Nov  3 18:10:46 wh1t3r0s3-laptop kernel: [    0.000000] ACPI: FACS 0x000000002FFF0200 00040
Nov  3 18:10:46 wh1t3r0s3-laptop kernel: [    0.000000] ACPI: SSDT 0x000000002FFF0240 001CC (v01 VBOX   VBOXCPUT 00000002 INTL 20100528)
Nov  3 18:10:46 wh1t3r0s3-laptop kernel: [    0.000000] 0MB HIGHMEM available.
Nov  3 18:10:46 wh1t3r0s3-laptop kernel: [    0.000000] 767MB LOWMEM available.
Nov  3 18:10:46 wh1t3r0s3-laptop kernel: [    0.000000]   mapped low ram: 0 - 2fff0000
Nov  3 18:10:46 wh1t3r0s3-laptop kernel: [    0.000000]   low ram: 0 - 2fff0000
Nov  3 18:10:46 wh1t3r0s3-laptop kernel: [    0.000000] kvm-clock: Using msrs 4b564d01 and 4b564d00
Nov  3 18:10:46 wh1t3r0s3-laptop kernel: [    0.000000] kvm-clock: cpu 0, msr 0:18f9381, boot clock
Nov  3 18:10:46 wh1t3r0s3-laptop kernel: [    6.663795] Zone PFN ranges:
Nov  3 18:10:46 wh1t3r0s3-laptop kernel: [    6.663797]   DMA      0x00000010 -> 0x00001000
Nov  3 18:10:46 wh1t3r0s3-laptop kernel: [    6.663798]   Normal   0x00001000 -> 0x0002fff0
Nov  3 18:10:46 wh1t3r0s3-laptop kernel: [    6.663800]   HighMem  empty
Nov  3 18:10:46 wh1t3r0s3-laptop kernel: [    6.663801] Movable zone start PFN for each node
Nov  3 18:10:46 wh1t3r0s3-laptop kernel: [    6.663802] early_node_map[2] active PFN ranges
Nov  3 18:10:46 wh1t3r0s3-laptop kernel: [    6.663803]     0: 0x00000010 -> 0x0000009f
Nov  3 18:10:46 wh1t3r0s3-laptop kernel: [    6.663804]     0: 0x00000100 -> 0x0002fff0
Nov  3 18:10:46 wh1t3r0s3-laptop kernel: [    6.663806] On node 0 totalpages: 196479
Nov  3 18:10:46 wh1t3r0s3-laptop kernel: [    6.664089] free_area_init_node: node 0, pgdat c1838180, node_mem_map ef9ef200
Nov  3 18:10:46 wh1t3r0s3-laptop kernel: [    6.664092]   DMA zone: 32 pages used for memmap
Nov  3 18:10:46 wh1t3r0s3-laptop kernel: [    6.664093]   DMA zone: 0 pages reserved
Nov  3 18:10:46 wh1t3r0s3-laptop kernel: [    6.664094]   DMA zone: 3951 pages, LIFO batch:0
Nov  3 18:10:46 wh1t3r0s3-laptop kernel: [    6.664145]   Normal zone: 1504 pages used for memmap
Nov  3 18:10:46 wh1t3r0s3-laptop kernel: [    6.664146]   Normal zone: 190992 pages, LIFO batch:31
Nov  3 18:10:46 wh1t3r0s3-laptop kernel: [    6.666308] Using APIC driver default
Nov  3 18:10:46 wh1t3r0s3-laptop kernel: [    6.666675] ACPI: PM-Timer IO Port: 0x4008
Nov  3 18:10:46 wh1t3r0s3-laptop kernel: [    6.666678] SMP: Allowing 1 CPUs, 0 hotplug CPUs
Nov  3 18:10:46 wh1t3r0s3-laptop kernel: [    6.666683] Found and enabled local APIC!
Nov  3 18:10:46 wh1t3r0s3-laptop kernel: [    6.666706] nr_irqs_gsi: 16
Nov  3 18:10:46 wh1t3r0s3-laptop kernel: [    6.666719] PM: Registered nosave memory: 000000000009f000 - 00000000000a0000
Nov  3 18:10:46 wh1t3r0s3-laptop kernel: [    6.666721] PM: Registered nosave memory: 00000000000a0000 - 00000000000f0000
Nov  3 18:10:46 wh1t3r0s3-laptop kernel: [    6.666722] PM: Registered nosave memory: 00000000000f0000 - 0000000000100000
Nov  3 18:10:46 wh1t3r0s3-laptop kernel: [    6.666724] Allocating PCI resources starting at 30000000 (gap: 30000000:cffc0000)
Nov  3 18:10:46 wh1t3r0s3-laptop kernel: [    6.666726] Booting paravirtualized kernel on KVM
Nov  3 18:10:46 wh1t3r0s3-laptop kernel: [    6.666729] setup_percpu: NR_CPUS:8 nr_cpumask_bits:8 nr_cpu_ids:1 nr_node_ids:1
Nov  3 18:10:46 wh1t3r0s3-laptop kernel: [    6.666739] PERCPU: Embedded 13 pages/cpu @ef9dc000 s31680 r0 d21568 u53248
Nov  3 18:10:46 wh1t3r0s3-laptop kernel: [    6.666744] pcpu-alloc: s31680 r0 d21568 u53248 alloc=13*4096
Nov  3 18:10:46 wh1t3r0s3-laptop kernel: [    6.666745] pcpu-alloc: [0] 0 
Nov  3 18:10:46 wh1t3r0s3-laptop kernel: [    6.666789] kvm-clock: cpu 0, msr 0:2f9e3381, primary cpu clock
Nov  3 18:10:46 wh1t3r0s3-laptop kernel: [    6.666795] Built 1 zonelists in Zone order, mobility grouping on.  Total pages: 194943
Nov  3 18:10:46 wh1t3r0s3-laptop kernel: [    6.666796] Kernel command line: BOOT_IMAGE=/boot/vmlinuz-3.2.0-92-generic root=UUID=02d31fc6-b532-4963-b1ad-ee47facdbbd3 ro quiet splash vt.handoff=7
Nov  3 18:10:46 wh1t3r0s3-laptop kernel: [    6.667502] PID hash table entries: 4096 (order: 2, 16384 bytes)
Nov  3 18:10:46 wh1t3r0s3-laptop kernel: [    6.667528] Dentry cache hash table entries: 131072 (order: 7, 524288 bytes)
Nov  3 18:10:46 wh1t3r0s3-laptop kernel: [    6.667687] Inode-cache hash table entries: 65536 (order: 6, 262144 bytes)
Nov  3 18:10:46 wh1t3r0s3-laptop kernel: [    6.667831] Initializing CPU#0
Nov  3 18:10:46 wh1t3r0s3-laptop kernel: [    6.667849] xsave/xrstor: enabled xstate_bv 0x7, cntxt size 0x340
Nov  3 18:10:46 wh1t3r0s3-laptop kernel: [    6.668282] allocated 3145216 bytes of page_cgroup
Nov  3 18:10:46 wh1t3r0s3-laptop kernel: [    6.668283] please try 'cgroup_disable=memory' option if you don't want memory cgroups
Nov  3 18:10:46 wh1t3r0s3-laptop kernel: [    6.683092] Initializing HighMem for node 0 (00000000:00000000)
Nov  3 18:10:46 wh1t3r0s3-laptop kernel: [    6.683098] Memory: 751860k/786368k available (5668k kernel code, 34056k reserved, 2797k data, 724k init, 0k highmem)
Nov  3 18:10:46 wh1t3r0s3-laptop kernel: [    6.683102] virtual kernel memory layout:
Nov  3 18:10:46 wh1t3r0s3-laptop kernel: [    6.683102]     fixmap  : 0xfff16000 - 0xfffff000   ( 932 kB)
Nov  3 18:10:46 wh1t3r0s3-laptop kernel: [    6.683103]     pkmap   : 0xff800000 - 0xffc00000   (4096 kB)
Nov  3 18:10:46 wh1t3r0s3-laptop kernel: [    6.683103]     vmalloc : 0xf07f0000 - 0xff7fe000   ( 240 MB)
Nov  3 18:10:46 wh1t3r0s3-laptop kernel: [    6.683104]     lowmem  : 0xc0000000 - 0xefff0000   ( 767 MB)
Nov  3 18:10:46 wh1t3r0s3-laptop kernel: [    6.683105]       .init : 0xc1845000 - 0xc18fa000   ( 724 kB)
Nov  3 18:10:46 wh1t3r0s3-laptop kernel: [    6.683105]       .data : 0xc1589184 - 0xc1844900   (2797 kB)
Nov  3 18:10:46 wh1t3r0s3-laptop kernel: [    6.683106]       .text : 0xc1000000 - 0xc1589184   (5668 kB)
Nov  3 18:10:46 wh1t3r0s3-laptop kernel: [    6.683107] Checking if this processor honours the WP bit even in supervisor mode...Ok.
Nov  3 18:10:46 wh1t3r0s3-laptop kernel: [    6.683140] SLUB: Genslabs=15, HWalign=64, Order=0-3, MinObjects=0, CPUs=1, Nodes=1
Nov  3 18:10:46 wh1t3r0s3-laptop kernel: [    6.683154] Hierarchical RCU implementation.
Nov  3 18:10:46 wh1t3r0s3-laptop kernel: [    6.683155] 	RCU dyntick-idle grace-period acceleration is enabled.
Nov  3 18:10:46 wh1t3r0s3-laptop kernel: [    6.683159] NR_IRQS:2304 nr_irqs:256 16
Nov  3 18:10:46 wh1t3r0s3-laptop kernel: [    6.683261] CPU 0 irqstacks, hard=ee008000 soft=ee00a000
Nov  3 18:10:46 wh1t3r0s3-laptop kernel: [    6.683315] vt handoff: transparent VT on vt#7
Nov  3 18:10:46 wh1t3r0s3-laptop kernel: [    6.683318] Console: colour dummy device 80x25
Nov  3 18:10:46 wh1t3r0s3-laptop kernel: [    6.683328] console [tty0] enabled
Nov  3 18:10:46 wh1t3r0s3-laptop kernel: [    6.683371] Detected 2893.406 MHz processor.
Nov  3 18:10:46 wh1t3r0s3-laptop kernel: [    6.683373] Calibrating delay loop (skipped) preset value.. 5786.81 BogoMIPS (lpj=11573624)
Nov  3 18:10:46 wh1t3r0s3-laptop kernel: [    6.683376] pid_max: default: 32768 minimum: 301
Nov  3 18:10:46 wh1t3r0s3-laptop kernel: [    6.683387] Security Framework initialized
Nov  3 18:10:46 wh1t3r0s3-laptop kernel: [    6.683397] AppArmor: AppArmor initialized
Nov  3 18:10:46 wh1t3r0s3-laptop kernel: [    6.683398] Yama: becoming mindful.
Nov  3 18:10:46 wh1t3r0s3-laptop kernel: [    6.683426] Mount-cache hash table entries: 512
Nov  3 18:10:46 wh1t3r0s3-laptop kernel: [    6.683483] Initializing cgroup subsys cpuacct
Nov  3 18:10:46 wh1t3r0s3-laptop kernel: [    6.683486] Initializing cgroup subsys memory
Nov  3 18:10:46 wh1t3r0s3-laptop kernel: [    6.683489] Initializing cgroup subsys devices
Nov  3 18:10:46 wh1t3r0s3-laptop kernel: [    6.683491] Initializing cgroup subsys freezer
Nov  3 18:10:46 wh1t3r0s3-laptop kernel: [    6.683492] Initializing cgroup subsys blkio
Nov  3 18:10:46 wh1t3r0s3-laptop kernel: [    6.683495] Initializing cgroup subsys perf_event
Nov  3 18:10:46 wh1t3r0s3-laptop kernel: [    6.683553] CPU: Physical Processor ID: 0
Nov  3 18:10:46 wh1t3r0s3-laptop kernel: [    6.684064] mce: CPU supports 0 MCE banks
Nov  3 18:10:46 wh1t3r0s3-laptop kernel: [    6.684078] using mwait in idle threads.
Nov  3 18:10:46 wh1t3r0s3-laptop kernel: [    6.684949] SMP alternatives: switching to UP code
Nov  3 18:10:46 wh1t3r0s3-laptop kernel: [    6.703406] Freeing SMP alternatives: 24k freed
Nov  3 18:10:46 wh1t3r0s3-laptop kernel: [    6.703409] ACPI: Core revision 20110623
Nov  3 18:10:46 wh1t3r0s3-laptop kernel: [    6.703875] ACPI: setting ELCR to 0200 (from 0e00)
Nov  3 18:10:46 wh1t3r0s3-laptop kernel: [    6.703934] ftrace: allocating 25614 entries in 51 pages
Nov  3 18:10:46 wh1t3r0s3-laptop kernel: [    6.731954] weird, boot CPU (#0) not listed by the BIOS.
Nov  3 18:10:46 wh1t3r0s3-laptop kernel: [    6.731960] SMP motherboard not detected.
Nov  3 18:10:46 wh1t3r0s3-laptop kernel: [    6.731962] Enabling APIC mode:  Flat.  Using 0 I/O APICs
Nov  3 18:10:46 wh1t3r0s3-laptop kernel: [    6.831763] APIC calibration not consistent with PM-Timer: 97ms instead of 100ms
Nov  3 18:10:46 wh1t3r0s3-laptop kernel: [    6.831764] APIC delta adjusted to PM-Timer: 6337175 (6185223)
Nov  3 18:10:46 wh1t3r0s3-laptop kernel: [    6.831827] SMP disabled
Nov  3 18:10:46 wh1t3r0s3-laptop kernel: [    6.831828] Performance Events: unsupported p6 CPU model 58 no PMU driver, software events only.
Nov  3 18:10:46 wh1t3r0s3-laptop kernel: [    6.831886] NMI watchdog disabled (cpu0): hardware events not enabled
Nov  3 18:10:46 wh1t3r0s3-laptop kernel: [    6.831893] Brought up 1 CPUs
Nov  3 18:10:46 wh1t3r0s3-laptop kernel: [    6.831894] Total of 1 processors activated (5786.81 BogoMIPS).
Nov  3 18:10:46 wh1t3r0s3-laptop kernel: [    6.831969] devtmpfs: initialized
Nov  3 18:10:46 wh1t3r0s3-laptop kernel: [    6.832024] EVM: security.selinux
Nov  3 18:10:46 wh1t3r0s3-laptop kernel: [    6.832025] EVM: security.SMACK64
Nov  3 18:10:46 wh1t3r0s3-laptop kernel: [    6.832025] EVM: security.capability
Nov  3 18:10:46 wh1t3r0s3-laptop kernel: [    6.832655] print_constraints: dummy: 
Nov  3 18:10:46 wh1t3r0s3-laptop kernel: [    6.832683] RTC time:  0:10:35, date: 11/04/15
Nov  3 18:10:46 wh1t3r0s3-laptop kernel: [    6.832702] NET: Registered protocol family 16
Nov  3 18:10:46 wh1t3r0s3-laptop kernel: [    6.832756] EISA bus registered
Nov  3 18:10:46 wh1t3r0s3-laptop kernel: [    6.832770] ACPI: bus type pci registered
Nov  3 18:10:46 wh1t3r0s3-laptop kernel: [    6.832851] PCI: PCI BIOS revision 2.10 entry at 0xfda26, last bus=0
Nov  3 18:10:46 wh1t3r0s3-laptop kernel: [    6.832852] PCI: Using configuration type 1 for base access
Nov  3 18:10:46 wh1t3r0s3-laptop kernel: [    6.833357] bio: create slab <bio-0> at 0
Nov  3 18:10:46 wh1t3r0s3-laptop kernel: [    6.833399] ACPI: Added _OSI(Module Device)
Nov  3 18:10:46 wh1t3r0s3-laptop kernel: [    6.833400] ACPI: Added _OSI(Processor Device)
Nov  3 18:10:46 wh1t3r0s3-laptop kernel: [    6.833401] ACPI: Added _OSI(3.0 _SCP Extensions)
Nov  3 18:10:46 wh1t3r0s3-laptop kernel: [    6.833402] ACPI: Added _OSI(Processor Aggregator Device)
Nov  3 18:10:46 wh1t3r0s3-laptop kernel: [    6.833633] ACPI: EC: Look up EC in DSDT
Nov  3 18:10:46 wh1t3r0s3-laptop kernel: [    6.833805] ACPI: Executed 1 blocks of module-level executable AML code
Nov  3 18:10:46 wh1t3r0s3-laptop kernel: [    6.835127] ACPI: Interpreter enabled
Nov  3 18:10:46 wh1t3r0s3-laptop kernel: [    6.835134] ACPI: (supports S0 S5)
Nov  3 18:10:46 wh1t3r0s3-laptop kernel: [    6.835139] ACPI: Using PIC for interrupt routing
Nov  3 18:10:46 wh1t3r0s3-laptop kernel: [    6.837501] ACPI: No dock devices found.
Nov  3 18:10:46 wh1t3r0s3-laptop kernel: [    6.837504] HEST: Table not found.
Nov  3 18:10:46 wh1t3r0s3-laptop kernel: [    6.837509] PCI: Ignoring host bridge windows from ACPI; if necessary, use "pci=use_crs" and report a bug
Nov  3 18:10:46 wh1t3r0s3-laptop kernel: [    6.837614] ACPI: PCI Root Bridge [PCI0] (domain 0000 [bus 00-ff])
Nov  3 18:10:46 wh1t3r0s3-laptop kernel: [    6.837727] pci_root PNP0A03:00: host bridge window [io  0x0000-0x0cf7] (ignored)
Nov  3 18:10:46 wh1t3r0s3-laptop kernel: [    6.837729] pci_root PNP0A03:00: host bridge window [io  0x0d00-0xffff] (ignored)
Nov  3 18:10:46 wh1t3r0s3-laptop kernel: [    6.837731] pci_root PNP0A03:00: host bridge window [mem 0x000a0000-0x000bffff] (ignored)
Nov  3 18:10:46 wh1t3r0s3-laptop kernel: [    6.837732] pci_root PNP0A03:00: host bridge window [mem 0x30000000-0xffdfffff] (ignored)
Nov  3 18:10:46 wh1t3r0s3-laptop kernel: [    6.837769] pci 0000:00:00.0: [8086:1237] type 0 class 0x000600
Nov  3 18:10:46 wh1t3r0s3-laptop kernel: [    6.838228] pci 0000:00:01.0: [8086:7000] type 0 class 0x000601
Nov  3 18:10:46 wh1t3r0s3-laptop kernel: [    6.838917] pci 0000:00:01.1: [8086:7111] type 0 class 0x000101
Nov  3 18:10:46 wh1t3r0s3-laptop kernel: [    6.839455] pci 0000:00:01.1: reg 20: [io  0xd000-0xd00f]
Nov  3 18:10:46 wh1t3r0s3-laptop kernel: [    6.839853] pci 0000:00:02.0: [80ee:beef] type 0 class 0x000300
Nov  3 18:10:46 wh1t3r0s3-laptop kernel: [    6.840762] pci 0000:00:02.0: reg 10: [mem 0xe0000000-0xe0ffffff pref]
Nov  3 18:10:46 wh1t3r0s3-laptop kernel: [    6.844655] pci 0000:00:03.0: [8086:100e] type 0 class 0x000200
Nov  3 18:10:46 wh1t3r0s3-laptop kernel: [    6.845101] pci 0000:00:03.0: reg 10: [mem 0xf0000000-0xf001ffff]
Nov  3 18:10:46 wh1t3r0s3-laptop kernel: [    6.845777] pci 0000:00:03.0: reg 18: [io  0xd010-0xd017]
Nov  3 18:10:46 wh1t3r0s3-laptop kernel: [    6.847382] pci 0000:00:04.0: [80ee:cafe] type 0 class 0x000880
Nov  3 18:10:46 wh1t3r0s3-laptop kernel: [    6.847776] pci 0000:00:04.0: reg 10: [io  0xd020-0xd03f]
Nov  3 18:10:46 wh1t3r0s3-laptop kernel: [    6.848093] pci 0000:00:04.0: reg 14: [mem 0xf0400000-0xf07fffff]
Nov  3 18:10:46 wh1t3r0s3-laptop kernel: [    6.848402] pci 0000:00:04.0: reg 18: [mem 0xf0800000-0xf0803fff pref]
Nov  3 18:10:46 wh1t3r0s3-laptop kernel: [    6.849676] pci 0000:00:05.0: [8086:2415] type 0 class 0x000401
Nov  3 18:10:46 wh1t3r0s3-laptop kernel: [    6.849793] pci 0000:00:05.0: reg 10: [io  0xd100-0xd1ff]
Nov  3 18:10:46 wh1t3r0s3-laptop kernel: [    6.849854] pci 0000:00:05.0: reg 14: [io  0xd200-0xd23f]
Nov  3 18:10:46 wh1t3r0s3-laptop kernel: [    6.850243] pci 0000:00:06.0: [106b:003f] type 0 class 0x000c03
Nov  3 18:10:46 wh1t3r0s3-laptop kernel: [    6.850588] pci 0000:00:06.0: reg 10: [mem 0xf0804000-0xf0804fff]
Nov  3 18:10:46 wh1t3r0s3-laptop kernel: [    6.852239] pci 0000:00:07.0: [8086:7113] type 0 class 0x000680
Nov  3 18:10:46 wh1t3r0s3-laptop kernel: [    6.852781] pci 0000:00:0d.0: [8086:2829] type 0 class 0x000106
Nov  3 18:10:46 wh1t3r0s3-laptop kernel: [    6.853121] pci 0000:00:0d.0: reg 10: [io  0xd240-0xd247]
Nov  3 18:10:46 wh1t3r0s3-laptop kernel: [    6.853649] pci 0000:00:0d.0: reg 18: [io  0xd250-0xd257]
Nov  3 18:10:46 wh1t3r0s3-laptop kernel: [    6.854173] pci 0000:00:0d.0: reg 20: [io  0xd260-0xd26f]
Nov  3 18:10:46 wh1t3r0s3-laptop kernel: [    6.854451] pci 0000:00:0d.0: reg 24: [mem 0xf0806000-0xf0807fff]
Nov  3 18:10:46 wh1t3r0s3-laptop kernel: [    6.855027] pci_bus 0000:00: on NUMA node 0
Nov  3 18:10:46 wh1t3r0s3-laptop kernel: [    6.855047] ACPI: PCI Interrupt Routing Table [\_SB_.PCI0._PRT]
Nov  3 18:10:46 wh1t3r0s3-laptop kernel: [    6.855524]  pci0000:00: Unable to request _OSC control (_OSC support mask: 0x1e)
Nov  3 18:10:46 wh1t3r0s3-laptop kernel: [    6.859944] ACPI: PCI Interrupt Link [LNKA] (IRQs 5 9 10 *11)
Nov  3 18:10:46 wh1t3r0s3-laptop kernel: [    6.860083] ACPI: PCI Interrupt Link [LNKB] (IRQs 5 9 10 *11)
Nov  3 18:10:46 wh1t3r0s3-laptop kernel: [    6.860155] ACPI: PCI Interrupt Link [LNKC] (IRQs 5 9 *10 11)
Nov  3 18:10:46 wh1t3r0s3-laptop kernel: [    6.860208] ACPI: PCI Interrupt Link [LNKD] (IRQs 5 *9 10 11)
Nov  3 18:10:46 wh1t3r0s3-laptop kernel: [    6.860340] vgaarb: device added: PCI:0000:00:02.0,decodes=io+mem,owns=io+mem,locks=none
Nov  3 18:10:46 wh1t3r0s3-laptop kernel: [    6.860343] vgaarb: loaded
Nov  3 18:10:46 wh1t3r0s3-laptop kernel: [    6.860343] vgaarb: bridge control possible 0000:00:02.0
Nov  3 18:10:46 wh1t3r0s3-laptop kernel: [    6.860410] i2c-core: driver [aat2870] using legacy suspend method
Nov  3 18:10:46 wh1t3r0s3-laptop kernel: [    6.860411] i2c-core: driver [aat2870] using legacy resume method
Nov  3 18:10:46 wh1t3r0s3-laptop kernel: [    6.860464] SCSI subsystem initialized
Nov  3 18:10:46 wh1t3r0s3-laptop kernel: [    6.860504] libata version 3.00 loaded.
Nov  3 18:10:46 wh1t3r0s3-laptop kernel: [    6.860540] usbcore: registered new interface driver usbfs
Nov  3 18:10:46 wh1t3r0s3-laptop kernel: [    6.860545] usbcore: registered new interface driver hub
Nov  3 18:10:46 wh1t3r0s3-laptop kernel: [    6.860563] usbcore: registered new device driver usb
Nov  3 18:10:46 wh1t3r0s3-laptop kernel: [    6.860613] PCI: Using ACPI for IRQ routing
Nov  3 18:10:46 wh1t3r0s3-laptop kernel: [    6.860614] PCI: pci_cache_line_size set to 64 bytes
Nov  3 18:10:46 wh1t3r0s3-laptop kernel: [    6.860772] reserve RAM buffer: 000000000009fc00 - 000000000009ffff 
Nov  3 18:10:46 wh1t3r0s3-laptop kernel: [    6.860776] reserve RAM buffer: 000000002fff0000 - 000000002fffffff 
Nov  3 18:10:46 wh1t3r0s3-laptop kernel: [    6.860837] NetLabel: Initializing
Nov  3 18:10:46 wh1t3r0s3-laptop kernel: [    6.860838] NetLabel:  domain hash size = 128
Nov  3 18:10:46 wh1t3r0s3-laptop kernel: [    6.860839] NetLabel:  protocols = UNLABELED CIPSOv4
Nov  3 18:10:46 wh1t3r0s3-laptop kernel: [    6.860845] NetLabel:  unlabeled traffic allowed by default
Nov  3 18:10:46 wh1t3r0s3-laptop kernel: [    6.860875] Switching to clocksource kvm-clock
Nov  3 18:10:46 wh1t3r0s3-laptop kernel: [    6.864690] AppArmor: AppArmor Filesystem Enabled
Nov  3 18:10:46 wh1t3r0s3-laptop kernel: [    6.864705] pnp: PnP ACPI init
Nov  3 18:10:46 wh1t3r0s3-laptop kernel: [    6.864714] ACPI: bus type pnp registered
Nov  3 18:10:46 wh1t3r0s3-laptop kernel: [    6.864769] pnp 00:00: [bus 00-ff]
Nov  3 18:10:46 wh1t3r0s3-laptop kernel: [    6.864770] pnp 00:00: [io  0x0cf8-0x0cff]
Nov  3 18:10:46 wh1t3r0s3-laptop kernel: [    6.864772] pnp 00:00: [io  0x0000-0x0cf7 window]
Nov  3 18:10:46 wh1t3r0s3-laptop kernel: [    6.864773] pnp 00:00: [io  0x0d00-0xffff window]
Nov  3 18:10:46 wh1t3r0s3-laptop kernel: [    6.864774] pnp 00:00: [mem 0x000a0000-0x000bffff window]
Nov  3 18:10:46 wh1t3r0s3-laptop kernel: [    6.864776] pnp 00:00: [mem 0x30000000-0xffdfffff window]
Nov  3 18:10:46 wh1t3r0s3-laptop kernel: [    6.864793] pnp 00:00: Plug and Play ACPI device, IDs PNP0a03 (active)
Nov  3 18:10:46 wh1t3r0s3-laptop kernel: [    6.864803] pnp 00:01: [io  0x0060]
Nov  3 18:10:46 wh1t3r0s3-laptop kernel: [    6.864804] pnp 00:01: [io  0x0064]
Nov  3 18:10:46 wh1t3r0s3-laptop kernel: [    6.864806] pnp 00:01: [irq 1]
Nov  3 18:10:46 wh1t3r0s3-laptop kernel: [    6.864818] pnp 00:01: Plug and Play ACPI device, IDs PNP0303 (active)
Nov  3 18:10:46 wh1t3r0s3-laptop kernel: [    6.864822] pnp 00:02: [io  0x0000-0x000f]
Nov  3 18:10:46 wh1t3r0s3-laptop kernel: [    6.864823] pnp 00:02: [io  0x0080-0x008f]
Nov  3 18:10:46 wh1t3r0s3-laptop kernel: [    6.864824] pnp 00:02: [io  0x00c0-0x00df]
Nov  3 18:10:46 wh1t3r0s3-laptop kernel: [    6.864825] pnp 00:02: [dma 4]
Nov  3 18:10:46 wh1t3r0s3-laptop kernel: [    6.864836] pnp 00:02: Plug and Play ACPI device, IDs PNP0200 (active)
Nov  3 18:10:46 wh1t3r0s3-laptop kernel: [    6.864866] pnp 00:03: [irq 12]
Nov  3 18:10:46 wh1t3r0s3-laptop kernel: [    6.864878] pnp 00:03: Plug and Play ACPI device, IDs PNP0f03 (active)
Nov  3 18:10:46 wh1t3r0s3-laptop kernel: [    6.865482] pnp: PnP ACPI: found 4 devices
Nov  3 18:10:46 wh1t3r0s3-laptop kernel: [    6.865487] ACPI: ACPI bus type pnp unregistered
Nov  3 18:10:46 wh1t3r0s3-laptop kernel: [    6.865489] PnPBIOS: Disabled by ACPI PNP
Nov  3 18:10:46 wh1t3r0s3-laptop kernel: [    6.901328] PCI: max bus depth: 0 pci_try_num: 1
Nov  3 18:10:46 wh1t3r0s3-laptop kernel: [    6.901333] pci_bus 0000:00: resource 0 [io  0x0000-0xffff]
Nov  3 18:10:46 wh1t3r0s3-laptop kernel: [    6.901334] pci_bus 0000:00: resource 1 [mem 0x00000000-0xffffffff]
Nov  3 18:10:46 wh1t3r0s3-laptop kernel: [    6.901357] NET: Registered protocol family 2
Nov  3 18:10:46 wh1t3r0s3-laptop kernel: [    6.902683] IP route cache hash table entries: 32768 (order: 5, 131072 bytes)
Nov  3 18:10:46 wh1t3r0s3-laptop kernel: [    6.902773] TCP established hash table entries: 131072 (order: 8, 1048576 bytes)
Nov  3 18:10:46 wh1t3r0s3-laptop kernel: [    6.902919] TCP bind hash table entries: 65536 (order: 7, 524288 bytes)
Nov  3 18:10:46 wh1t3r0s3-laptop kernel: [    6.902985] TCP: Hash tables configured (established 131072 bind 65536)
Nov  3 18:10:46 wh1t3r0s3-laptop kernel: [    6.902987] TCP reno registered
Nov  3 18:10:46 wh1t3r0s3-laptop kernel: [    6.902988] UDP hash table entries: 512 (order: 2, 16384 bytes)
Nov  3 18:10:46 wh1t3r0s3-laptop kernel: [    6.902991] UDP-Lite hash table entries: 512 (order: 2, 16384 bytes)
Nov  3 18:10:46 wh1t3r0s3-laptop kernel: [    6.903020] NET: Registered protocol family 1
Nov  3 18:10:46 wh1t3r0s3-laptop kernel: [    6.903026] pci 0000:00:00.0: Limiting direct PCI/PCI transfers
Nov  3 18:10:46 wh1t3r0s3-laptop kernel: [    6.903055] pci 0000:00:01.0: Activating ISA DMA hang workarounds
Nov  3 18:10:46 wh1t3r0s3-laptop kernel: [    6.903080] pci 0000:00:02.0: Boot video device
Nov  3 18:10:46 wh1t3r0s3-laptop kernel: [    6.903296] ACPI: PCI Interrupt Link [LNKB] enabled at IRQ 11
Nov  3 18:10:46 wh1t3r0s3-laptop kernel: [    6.903298] PCI: setting IRQ 11 as level-triggered
Nov  3 18:10:46 wh1t3r0s3-laptop kernel: [    6.903303] pci 0000:00:06.0: PCI INT A -> Link[LNKB] -> GSI 11 (level, low) -> IRQ 11
Nov  3 18:10:46 wh1t3r0s3-laptop kernel: [    6.903543] pci 0000:00:06.0: PCI INT A disabled
Nov  3 18:10:46 wh1t3r0s3-laptop kernel: [    6.903588] PCI: CLS 0 bytes, default 64
Nov  3 18:10:46 wh1t3r0s3-laptop kernel: [    6.903665] platform rtc_cmos: registered platform RTC device (no PNP device found)
Nov  3 18:10:46 wh1t3r0s3-laptop kernel: [    6.903904] audit: initializing netlink socket (disabled)
Nov  3 18:10:46 wh1t3r0s3-laptop kernel: [    6.903911] type=2000 audit(1446595843.088:1): initialized
Nov  3 18:10:46 wh1t3r0s3-laptop kernel: [    6.920139] Trying to unpack rootfs image as initramfs...
Nov  3 18:10:46 wh1t3r0s3-laptop kernel: [    6.941779] HugeTLB registered 4 MB page size, pre-allocated 0 pages
Nov  3 18:10:46 wh1t3r0s3-laptop kernel: [    6.949478] VFS: Disk quotas dquot_6.5.2
Nov  3 18:10:46 wh1t3r0s3-laptop kernel: [    6.949519] Dquot-cache hash table entries: 1024 (order 0, 4096 bytes)
Nov  3 18:10:46 wh1t3r0s3-laptop kernel: [    6.949825] fuse init (API version 7.17)
Nov  3 18:10:46 wh1t3r0s3-laptop kernel: [    6.949875] msgmni has been set to 1468
Nov  3 18:10:46 wh1t3r0s3-laptop kernel: [    6.965127] Block layer SCSI generic (bsg) driver version 0.4 loaded (major 253)
Nov  3 18:10:46 wh1t3r0s3-laptop kernel: [    6.965144] io scheduler noop registered
Nov  3 18:10:46 wh1t3r0s3-laptop kernel: [    6.965145] io scheduler deadline registered
Nov  3 18:10:46 wh1t3r0s3-laptop kernel: [    6.965151] io scheduler cfq registered (default)
Nov  3 18:10:46 wh1t3r0s3-laptop kernel: [    6.965215] pci_hotplug: PCI Hot Plug PCI Core version: 0.5
Nov  3 18:10:46 wh1t3r0s3-laptop kernel: [    6.965225] pciehp: PCI Express Hot Plug Controller Driver version: 0.4
Nov  3 18:10:46 wh1t3r0s3-laptop kernel: [    6.965226] acpiphp: ACPI Hot Plug PCI Controller Driver version: 0.5
Nov  3 18:10:46 wh1t3r0s3-laptop kernel: [    6.965825] ACPI: Deprecated procfs I/F for AC is loaded, please retry with CONFIG_ACPI_PROCFS_POWER cleared
Nov  3 18:10:46 wh1t3r0s3-laptop kernel: [    6.966143] ACPI: AC Adapter [AC] (on-line)
Nov  3 18:10:46 wh1t3r0s3-laptop kernel: [    6.966182] input: Power Button as /devices/LNXSYSTM:00/LNXPWRBN:00/input/input0
Nov  3 18:10:46 wh1t3r0s3-laptop kernel: [    6.966185] ACPI: Power Button [PWRF]
Nov  3 18:10:46 wh1t3r0s3-laptop kernel: [    6.966239] input: Sleep Button as /devices/LNXSYSTM:00/LNXSLPBN:00/input/input1
Nov  3 18:10:46 wh1t3r0s3-laptop kernel: [    6.966241] ACPI: Sleep Button [SLPF]
Nov  3 18:10:46 wh1t3r0s3-laptop kernel: [    6.967015] ACPI: Deprecated procfs I/F for battery is loaded, please retry with CONFIG_ACPI_PROCFS_POWER cleared
Nov  3 18:10:46 wh1t3r0s3-laptop kernel: [    6.967023] ACPI: Battery Slot [BAT0] (battery present)
Nov  3 18:10:46 wh1t3r0s3-laptop kernel: [    6.967448] ERST: Table is not found!
Nov  3 18:10:46 wh1t3r0s3-laptop kernel: [    6.967450] GHES: HEST is not enabled!
Nov  3 18:10:46 wh1t3r0s3-laptop kernel: [    6.967519] Serial: 8250/16550 driver, 32 ports, IRQ sharing enabled
Nov  3 18:10:46 wh1t3r0s3-laptop kernel: [    6.968872] Linux agpgart interface v0.103
Nov  3 18:10:46 wh1t3r0s3-laptop kernel: [    6.971702] ACPI: Battery Slot [BAT0] (battery present)
Nov  3 18:10:46 wh1t3r0s3-laptop kernel: [    6.971720] isapnp: Scanning for PnP cards...
Nov  3 18:10:46 wh1t3r0s3-laptop kernel: [    6.977525] brd: module loaded
Nov  3 18:10:46 wh1t3r0s3-laptop kernel: [    6.977934] loop: module loaded
Nov  3 18:10:46 wh1t3r0s3-laptop kernel: [    6.978011] ahci 0000:00:0d.0: version 3.0
Nov  3 18:10:46 wh1t3r0s3-laptop kernel: [    6.978398] ACPI: PCI Interrupt Link [LNKA] enabled at IRQ 11
Nov  3 18:10:46 wh1t3r0s3-laptop kernel: [    6.978401] ahci 0000:00:0d.0: PCI INT A -> Link[LNKA] -> GSI 11 (level, low) -> IRQ 11
Nov  3 18:10:46 wh1t3r0s3-laptop kernel: [    6.978503] ahci: SSS flag set, parallel bus scan disabled
Nov  3 18:10:46 wh1t3r0s3-laptop kernel: [    6.978614] ahci 0000:00:0d.0: AHCI 0001.0100 32 slots 1 ports 3 Gbps 0x1 impl SATA mode
Nov  3 18:10:46 wh1t3r0s3-laptop kernel: [    6.978616] ahci 0000:00:0d.0: flags: 64bit ncq stag only ccc 
Nov  3 18:10:46 wh1t3r0s3-laptop kernel: [    6.978632] ahci 0000:00:0d.0: setting latency timer to 64
Nov  3 18:10:46 wh1t3r0s3-laptop kernel: [    6.985408] scsi0 : ahci
Nov  3 18:10:46 wh1t3r0s3-laptop kernel: [    6.985460] ata1: SATA max UDMA/133 abar m8192@0xf0806000 port 0xf0806100 irq 11
Nov  3 18:10:46 wh1t3r0s3-laptop kernel: [    6.985498] ata_piix 0000:00:01.1: version 2.13
Nov  3 18:10:46 wh1t3r0s3-laptop kernel: [    6.985564] ata_piix 0000:00:01.1: setting latency timer to 64
Nov  3 18:10:46 wh1t3r0s3-laptop kernel: [    6.985715] scsi1 : ata_piix
Nov  3 18:10:46 wh1t3r0s3-laptop kernel: [    7.029792] scsi2 : ata_piix
Nov  3 18:10:46 wh1t3r0s3-laptop kernel: [    7.029875] ata2: PATA max UDMA/33 cmd 0x1f0 ctl 0x3f6 bmdma 0xd000 irq 14
Nov  3 18:10:46 wh1t3r0s3-laptop kernel: [    7.029878] ata3: PATA max UDMA/33 cmd 0x170 ctl 0x376 bmdma 0xd008 irq 15
Nov  3 18:10:46 wh1t3r0s3-laptop kernel: [    7.030189] Fixed MDIO Bus: probed
Nov  3 18:10:46 wh1t3r0s3-laptop kernel: [    7.030199] tun: Universal TUN/TAP device driver, 1.6
Nov  3 18:10:46 wh1t3r0s3-laptop kernel: [    7.030200] tun: (C) 1999-2004 Max Krasnyansky <maxk@qualcomm.com>
Nov  3 18:10:46 wh1t3r0s3-laptop kernel: [    7.030244] PPP generic driver version 2.4.2
Nov  3 18:10:46 wh1t3r0s3-laptop kernel: [    7.030298] ehci_hcd: USB 2.0 'Enhanced' Host Controller (EHCI) Driver
Nov  3 18:10:46 wh1t3r0s3-laptop kernel: [    7.030308] ohci_hcd: USB 1.1 'Open' Host Controller (OHCI) Driver
Nov  3 18:10:46 wh1t3r0s3-laptop kernel: [    7.030347] ohci_hcd 0000:00:06.0: PCI INT A -> Link[LNKB] -> GSI 11 (level, low) -> IRQ 11
Nov  3 18:10:46 wh1t3r0s3-laptop kernel: [    7.030399] ohci_hcd 0000:00:06.0: setting latency timer to 64
Nov  3 18:10:46 wh1t3r0s3-laptop kernel: [    7.030409] ohci_hcd 0000:00:06.0: OHCI Host Controller
Nov  3 18:10:46 wh1t3r0s3-laptop kernel: [    7.030473] ohci_hcd 0000:00:06.0: new USB bus registered, assigned bus number 1
Nov  3 18:10:46 wh1t3r0s3-laptop kernel: [    7.030517] ohci_hcd 0000:00:06.0: irq 11, io mem 0xf0804000
Nov  3 18:10:46 wh1t3r0s3-laptop kernel: [    7.087956] hub 1-0:1.0: USB hub found
Nov  3 18:10:46 wh1t3r0s3-laptop kernel: [    7.087974] hub 1-0:1.0: 12 ports detected
Nov  3 18:10:46 wh1t3r0s3-laptop kernel: [    7.088301] uhci_hcd: USB Universal Host Controller Interface driver
Nov  3 18:10:46 wh1t3r0s3-laptop kernel: [    7.088346] usbcore: registered new interface driver libusual
Nov  3 18:10:46 wh1t3r0s3-laptop kernel: [    7.088373] i8042: PNP: PS/2 Controller [PNP0303:PS2K,PNP0f03:PS2M] at 0x60,0x64 irq 1,12
Nov  3 18:10:46 wh1t3r0s3-laptop kernel: [    7.088803] serio: i8042 KBD port at 0x60,0x64 irq 1
Nov  3 18:10:46 wh1t3r0s3-laptop kernel: [    7.088810] serio: i8042 AUX port at 0x60,0x64 irq 12
Nov  3 18:10:46 wh1t3r0s3-laptop kernel: [    7.088996] mousedev: PS/2 mouse device common for all mice
Nov  3 18:10:46 wh1t3r0s3-laptop kernel: [    7.089377] input: AT Translated Set 2 keyboard as /devices/platform/i8042/serio0/input/input2
Nov  3 18:10:46 wh1t3r0s3-laptop kernel: [    7.089777] rtc_cmos rtc_cmos: rtc core: registered rtc_cmos as rtc0
Nov  3 18:10:46 wh1t3r0s3-laptop kernel: [    7.089811] rtc0: alarms up to one day, 114 bytes nvram
Nov  3 18:10:46 wh1t3r0s3-laptop kernel: [    7.089877] device-mapper: uevent: version 1.0.3
Nov  3 18:10:46 wh1t3r0s3-laptop kernel: [    7.089937] device-mapper: ioctl: 4.22.0-ioctl (2011-10-19) initialised: dm-devel@redhat.com
Nov  3 18:10:46 wh1t3r0s3-laptop kernel: [    7.089954] EISA: Probing bus 0 at eisa.0
Nov  3 18:10:46 wh1t3r0s3-laptop kernel: [    7.089977] Cannot allocate resource for EISA slot 4
Nov  3 18:10:46 wh1t3r0s3-laptop kernel: [    7.089997] EISA: Detected 0 cards.
Nov  3 18:10:46 wh1t3r0s3-laptop kernel: [    7.090004] cpufreq-nforce2: No nForce2 chipset.
Nov  3 18:10:46 wh1t3r0s3-laptop kernel: [    7.090006] cpuidle: using governor ladder
Nov  3 18:10:46 wh1t3r0s3-laptop kernel: [    7.090007] cpuidle: using governor menu
Nov  3 18:10:46 wh1t3r0s3-laptop kernel: [    7.090009] EFI Variables Facility v0.08 2004-May-17
Nov  3 18:10:46 wh1t3r0s3-laptop kernel: [    7.090159] TCP cubic registered
Nov  3 18:10:46 wh1t3r0s3-laptop kernel: [    7.090251] NET: Registered protocol family 10
Nov  3 18:10:46 wh1t3r0s3-laptop kernel: [    7.090597] NET: Registered protocol family 17
Nov  3 18:10:46 wh1t3r0s3-laptop kernel: [    7.090601] Registering the dns_resolver key type
Nov  3 18:10:46 wh1t3r0s3-laptop kernel: [    7.090615] Using IPI No-Shortcut mode
Nov  3 18:10:46 wh1t3r0s3-laptop kernel: [    7.090686] PM: Hibernation image not present or could not be loaded.
Nov  3 18:10:46 wh1t3r0s3-laptop kernel: [    7.090694] registered taskstats version 1
Nov  3 18:10:46 wh1t3r0s3-laptop kernel: [    7.222598] ata3.00: ATAPI: VBOX CD-ROM, 1.0, max UDMA/133
Nov  3 18:10:46 wh1t3r0s3-laptop kernel: [    7.223042] ata3.00: configured for UDMA/33
Nov  3 18:10:46 wh1t3r0s3-laptop kernel: [    7.428552] isapnp: No Plug & Play device found
Nov  3 18:10:46 wh1t3r0s3-laptop kernel: [    7.444641] ata1: SATA link up 3.0 Gbps (SStatus 123 SControl 300)
Nov  3 18:10:46 wh1t3r0s3-laptop kernel: [    7.444797] ata1.00: ATA-6: VBOX HARDDISK, 1.0, max UDMA/133
Nov  3 18:10:46 wh1t3r0s3-laptop kernel: [    7.444799] ata1.00: 16777216 sectors, multi 128: LBA48 NCQ (depth 31/32)
Nov  3 18:10:46 wh1t3r0s3-laptop kernel: [    7.445308] ata1.00: configured for UDMA/133
Nov  3 18:10:46 wh1t3r0s3-laptop kernel: [    7.454557] scsi 0:0:0:0: Direct-Access     ATA      VBOX HARDDISK    1.0  PQ: 0 ANSI: 5
Nov  3 18:10:46 wh1t3r0s3-laptop kernel: [    7.454661] sd 0:0:0:0: Attached scsi generic sg0 type 0
Nov  3 18:10:46 wh1t3r0s3-laptop kernel: [    7.454816] sd 0:0:0:0: [sda] 16777216 512-byte logical blocks: (8.58 GB/8.00 GiB)
Nov  3 18:10:46 wh1t3r0s3-laptop kernel: [    7.454843] sd 0:0:0:0: [sda] Write Protect is off
Nov  3 18:10:46 wh1t3r0s3-laptop kernel: [    7.454845] sd 0:0:0:0: [sda] Mode Sense: 00 3a 00 00
Nov  3 18:10:46 wh1t3r0s3-laptop kernel: [    7.454856] sd 0:0:0:0: [sda] Write cache: enabled, read cache: enabled, doesn't support DPO or FUA
Nov  3 18:10:46 wh1t3r0s3-laptop kernel: [    7.455122] scsi 2:0:0:0: CD-ROM            VBOX     CD-ROM           1.0  PQ: 0 ANSI: 5
Nov  3 18:10:46 wh1t3r0s3-laptop kernel: [    7.455796] sr0: scsi3-mmc drive: 32x/32x xa/form2 tray
Nov  3 18:10:46 wh1t3r0s3-laptop kernel: [    7.455802] cdrom: Uniform CD-ROM driver Revision: 3.20
Nov  3 18:10:46 wh1t3r0s3-laptop kernel: [    7.455860] sr 2:0:0:0: Attached scsi CD-ROM sr0
Nov  3 18:10:46 wh1t3r0s3-laptop kernel: [    7.455888] sr 2:0:0:0: Attached scsi generic sg1 type 5
Nov  3 18:10:46 wh1t3r0s3-laptop kernel: [    7.502579]  sda: sda1 sda2 sda3 < sda5 sda6 >
Nov  3 18:10:46 wh1t3r0s3-laptop kernel: [    7.502807] sd 0:0:0:0: [sda] Attached SCSI disk
Nov  3 18:10:46 wh1t3r0s3-laptop kernel: [    7.509382] Freeing initrd memory: 13852k freed
Nov  3 18:10:46 wh1t3r0s3-laptop kernel: [    7.514409]   Magic number: 7:941:151
Nov  3 18:10:46 wh1t3r0s3-laptop kernel: [    7.514423] bdi 1:3: hash matches
Nov  3 18:10:46 wh1t3r0s3-laptop kernel: [    7.514469] rtc_cmos rtc_cmos: setting system clock to 2015-11-04 00:10:36 UTC (1446595836)
Nov  3 18:10:46 wh1t3r0s3-laptop kernel: [    7.514477] BIOS EDD facility v0.16 2004-Jun-25, 0 devices found
Nov  3 18:10:46 wh1t3r0s3-laptop kernel: [    7.514478] EDD information not available.
Nov  3 18:10:46 wh1t3r0s3-laptop kernel: [    7.514539] Freeing unused kernel memory: 724k freed
Nov  3 18:10:46 wh1t3r0s3-laptop kernel: [    7.514635] Write protecting the kernel text: 5672k
Nov  3 18:10:46 wh1t3r0s3-laptop kernel: [    7.514653] Write protecting the kernel read-only data: 2348k
Nov  3 18:10:46 wh1t3r0s3-laptop kernel: [    7.532427] udevd[87]: starting version 175
Nov  3 18:10:46 wh1t3r0s3-laptop kernel: [    7.586941] e1000: Intel(R) PRO/1000 Network Driver - version 7.3.21-k8-NAPI
Nov  3 18:10:46 wh1t3r0s3-laptop kernel: [    7.586943] e1000: Copyright (c) 1999-2006 Intel Corporation.
Nov  3 18:10:46 wh1t3r0s3-laptop kernel: [    7.587182] ACPI: PCI Interrupt Link [LNKC] enabled at IRQ 10
Nov  3 18:10:46 wh1t3r0s3-laptop kernel: [    7.587184] PCI: setting IRQ 10 as level-triggered
Nov  3 18:10:46 wh1t3r0s3-laptop kernel: [    7.587190] e1000 0000:00:03.0: PCI INT A -> Link[LNKC] -> GSI 10 (level, low) -> IRQ 10
Nov  3 18:10:46 wh1t3r0s3-laptop kernel: [    7.587226] e1000 0000:00:03.0: setting latency timer to 64
Nov  3 18:10:46 wh1t3r0s3-laptop kernel: [    7.624957] usb 1-1: new full-speed USB device number 2 using ohci_hcd
Nov  3 18:10:46 wh1t3r0s3-laptop kernel: [    7.962467] Refined TSC clocksource calibration: 2893.979 MHz.
Nov  3 18:10:46 wh1t3r0s3-laptop kernel: [    8.001663] e1000 0000:00:03.0: eth0: (PCI:33MHz:32-bit) 08:00:27:72:7b:b0
Nov  3 18:10:46 wh1t3r0s3-laptop kernel: [    8.001671] e1000 0000:00:03.0: eth0: Intel(R) PRO/1000 Network Connection
Nov  3 18:10:46 wh1t3r0s3-laptop kernel: [    8.211225] input: VirtualBox USB Tablet as /devices/pci0000:00/0000:00:06.0/usb1/1-1/1-1:1.0/input/input3
Nov  3 18:10:46 wh1t3r0s3-laptop kernel: [    8.211373] generic-usb 0003:80EE:0021.0001: input,hidraw0: USB HID v1.10 Mouse [VirtualBox USB Tablet] on usb-0000:00:06.0-1/input0
Nov  3 18:10:46 wh1t3r0s3-laptop kernel: [    8.211514] usbcore: registered new interface driver usbhid
Nov  3 18:10:46 wh1t3r0s3-laptop kernel: [    8.211516] usbhid: USB HID core driver
Nov  3 18:10:46 wh1t3r0s3-laptop kernel: [    8.366358] EXT4-fs (sda6): mounted filesystem with ordered data mode. Opts: (null)
Nov  3 18:10:46 wh1t3r0s3-laptop kernel: [   17.070003] Adding 249000k swap on /dev/sda2.  Priority:-1 extents:1 across:249000k 
Nov  3 18:10:46 wh1t3r0s3-laptop kernel: [   17.077730] Adding 999420k swap on /dev/sda5.  Priority:-2 extents:1 across:999420k 
Nov  3 18:10:46 wh1t3r0s3-laptop kernel: [   17.084202] ADDRCONF(NETDEV_UP): eth0: link is not ready
Nov  3 18:10:46 wh1t3r0s3-laptop kernel: [   17.108929] udevd[418]: starting version 175
Nov  3 18:10:46 wh1t3r0s3-laptop kernel: [   17.153177] EXT4-fs (sda6): re-mounted. Opts: errors=remount-ro
Nov  3 18:10:46 wh1t3r0s3-laptop kernel: [   17.162321] lp: driver loaded but no devices found
Nov  3 18:10:46 wh1t3r0s3-laptop kernel: [   17.239562] piix4_smbus 0000:00:07.0: SMBus base address uninitialized - upgrade BIOS or use force_addr=0xaddr
Nov  3 18:10:46 wh1t3r0s3-laptop bluetoothd[569]: Failed to init alert plugin
Nov  3 18:10:46 wh1t3r0s3-laptop bluetoothd[569]: Failed to init time plugin
Nov  3 18:10:46 wh1t3r0s3-laptop bluetoothd[569]: Failed to init proximity plugin
Nov  3 18:10:46 wh1t3r0s3-laptop kernel: [   17.398641] Bluetooth: Core ver 2.16
Nov  3 18:10:46 wh1t3r0s3-laptop kernel: [   17.398652] NET: Registered protocol family 31
Nov  3 18:10:46 wh1t3r0s3-laptop kernel: [   17.398653] Bluetooth: HCI device and connection manager initialized
Nov  3 18:10:46 wh1t3r0s3-laptop kernel: [   17.398655] Bluetooth: HCI socket layer initialized
Nov  3 18:10:46 wh1t3r0s3-laptop kernel: [   17.398656] Bluetooth: L2CAP socket layer initialized
Nov  3 18:10:46 wh1t3r0s3-laptop kernel: [   17.398659] Bluetooth: SCO socket layer initialized
Nov  3 18:10:46 wh1t3r0s3-laptop kernel: [   17.407100] ppdev: user-space parallel port driver
Nov  3 18:10:46 wh1t3r0s3-laptop bluetoothd[569]: Failed to init gatt_example plugin
Nov  3 18:10:46 wh1t3r0s3-laptop kernel: [   17.413979] Bluetooth: BNEP (Ethernet Emulation) ver 1.3
Nov  3 18:10:46 wh1t3r0s3-laptop kernel: [   17.413982] Bluetooth: BNEP filters: protocol multicast
Nov  3 18:10:46 wh1t3r0s3-laptop kernel: [   17.421040] psmouse serio1: hgpk: ID: 10 00 64
Nov  3 18:10:46 wh1t3r0s3-laptop kernel: [   17.422321] input: ImExPS/2 Generic Explorer Mouse as /devices/platform/i8042/serio1/input/input4
Nov  3 18:10:46 wh1t3r0s3-laptop kernel: [   17.430623] type=1400 audit(1446595846.413:2): apparmor="STATUS" operation="profile_load" name="/usr/lib/cups/backend/cups-pdf" pid=625 comm="apparmor_parser"
Nov  3 18:10:46 wh1t3r0s3-laptop kernel: [   17.430923] type=1400 audit(1446595846.413:3): apparmor="STATUS" operation="profile_load" name="/usr/sbin/cupsd" pid=625 comm="apparmor_parser"
Nov  3 18:10:46 wh1t3r0s3-laptop kernel: [   17.463156] type=1400 audit(1446595846.445:4): apparmor="STATUS" operation="profile_load" name="/sbin/dhclient" pid=634 comm="apparmor_parser"
Nov  3 18:10:46 wh1t3r0s3-laptop kernel: [   17.463642] type=1400 audit(1446595846.445:5): apparmor="STATUS" operation="profile_load" name="/usr/lib/NetworkManager/nm-dhcp-client.action" pid=634 comm="apparmor_parser"
Nov  3 18:10:46 wh1t3r0s3-laptop kernel: [   17.463796] type=1400 audit(1446595846.445:6): apparmor="STATUS" operation="profile_load" name="/usr/lib/connman/scripts/dhclient-script" pid=634 comm="apparmor_parser"
Nov  3 18:10:46 wh1t3r0s3-laptop kernel: [   17.466909] type=1400 audit(1446595846.449:7): apparmor="STATUS" operation="profile_load" name="/usr/sbin/ntpd" pid=635 comm="apparmor_parser"
Nov  3 18:10:46 wh1t3r0s3-laptop kernel: [   17.480612] input: Video Bus as /devices/LNXSYSTM:00/LNXSYBUS:00/PNP0A03:00/LNXVIDEO:00/input/input5
Nov  3 18:10:46 wh1t3r0s3-laptop kernel: [   17.480828] ACPI: Video Device [GFX0] (multi-head: yes  rom: no  post: no)
Nov  3 18:10:46 wh1t3r0s3-laptop failsafe: Failsafe of 120 seconds reached.
Nov  3 18:10:46 wh1t3r0s3-laptop modem-manager[743]: <info>  ModemManager (version 0.5.2.0) starting...
Nov  3 18:10:46 wh1t3r0s3-laptop kernel: [   17.700677] init: failsafe main process (700) killed by TERM signal
Nov  3 18:10:46 wh1t3r0s3-laptop NetworkManager[751]: <info> NetworkManager (version 0.9.4.0) is starting...
Nov  3 18:10:46 wh1t3r0s3-laptop NetworkManager[751]: <info> Read config file /etc/NetworkManager/NetworkManager.conf
Nov  3 18:10:46 wh1t3r0s3-laptop modem-manager[743]: <info>  Loaded plugin Option High-Speed
Nov  3 18:10:46 wh1t3r0s3-laptop modem-manager[743]: <info>  Loaded plugin Longcheer
Nov  3 18:10:46 wh1t3r0s3-laptop modem-manager[743]: <info>  Loaded plugin Ericsson MBM
Nov  3 18:10:46 wh1t3r0s3-laptop modem-manager[743]: <info>  Loaded plugin Wavecom
Nov  3 18:10:46 wh1t3r0s3-laptop modem-manager[743]: <info>  Loaded plugin Option
Nov  3 18:10:46 wh1t3r0s3-laptop modem-manager[743]: <info>  Loaded plugin Linktop
Nov  3 18:10:46 wh1t3r0s3-laptop modem-manager[743]: <info>  Loaded plugin SimTech
Nov  3 18:10:46 wh1t3r0s3-laptop modem-manager[743]: <info>  Loaded plugin ZTE
Nov  3 18:10:46 wh1t3r0s3-laptop modem-manager[743]: <info>  Loaded plugin Gobi
Nov  3 18:10:46 wh1t3r0s3-laptop modem-manager[743]: <info>  Loaded plugin Huawei
Nov  3 18:10:46 wh1t3r0s3-laptop modem-manager[743]: <info>  Loaded plugin X22X
Nov  3 18:10:46 wh1t3r0s3-laptop NetworkManager[751]: <info> DNS: loaded plugin dnsmasq
Nov  3 18:10:46 wh1t3r0s3-laptop modem-manager[743]: <info>  Loaded plugin Samsung
Nov  3 18:10:46 wh1t3r0s3-laptop modem-manager[743]: <info>  Loaded plugin Novatel
Nov  3 18:10:46 wh1t3r0s3-laptop modem-manager[743]: <info>  Loaded plugin Sierra
Nov  3 18:10:46 wh1t3r0s3-laptop modem-manager[743]: <info>  Loaded plugin AnyData
Nov  3 18:10:46 wh1t3r0s3-laptop modem-manager[743]: <info>  Loaded plugin Generic
Nov  3 18:10:46 wh1t3r0s3-laptop modem-manager[743]: <info>  Loaded plugin Nokia
Nov  3 18:10:46 wh1t3r0s3-laptop modem-manager[743]: <info>  Loaded plugin MotoC
Nov  3 18:10:46 wh1t3r0s3-laptop dbus[559]: [system] Activating service name='org.freedesktop.PolicyKit1' (using servicehelper)
Nov  3 18:10:46 wh1t3r0s3-laptop polkitd[760]: started daemon version 0.104 using authority implementation `local' version `0.104'
Nov  3 18:10:46 wh1t3r0s3-laptop dbus[559]: [system] Successfully activated service 'org.freedesktop.PolicyKit1'
Nov  3 18:10:46 wh1t3r0s3-laptop NetworkManager[751]:    SCPlugin-Ifupdown: init!
Nov  3 18:10:46 wh1t3r0s3-laptop NetworkManager[751]:    SCPlugin-Ifupdown: update_system_hostname
Nov  3 18:10:46 wh1t3r0s3-laptop NetworkManager[751]:    SCPluginIfupdown: management mode: unmanaged
Nov  3 18:10:46 wh1t3r0s3-laptop NetworkManager[751]:    SCPlugin-Ifupdown: devices added (path: /sys/devices/pci0000:00/0000:00:03.0/net/eth0, iface: eth0)
Nov  3 18:10:46 wh1t3r0s3-laptop NetworkManager[751]:    SCPlugin-Ifupdown: device added (path: /sys/devices/pci0000:00/0000:00:03.0/net/eth0, iface: eth0): no ifupdown configuration found.
Nov  3 18:10:46 wh1t3r0s3-laptop NetworkManager[751]:    SCPlugin-Ifupdown: devices added (path: /sys/devices/virtual/net/lo, iface: lo)
Nov  3 18:10:46 wh1t3r0s3-laptop NetworkManager[751]:    SCPlugin-Ifupdown: device added (path: /sys/devices/virtual/net/lo, iface: lo): no ifupdown configuration found.
Nov  3 18:10:46 wh1t3r0s3-laptop NetworkManager[751]:    SCPlugin-Ifupdown: end _init.
Nov  3 18:10:46 wh1t3r0s3-laptop NetworkManager[751]: <info> Loaded plugin ifupdown: (C) 2008 Canonical Ltd.  To report bugs please use the NetworkManager mailing list.
Nov  3 18:10:46 wh1t3r0s3-laptop NetworkManager[751]: <info> Loaded plugin keyfile: (c) 2007 - 2010 Red Hat, Inc.  To report bugs please use the NetworkManager mailing list.
Nov  3 18:10:46 wh1t3r0s3-laptop NetworkManager[751]:    Ifupdown: get unmanaged devices count: 0
Nov  3 18:10:46 wh1t3r0s3-laptop NetworkManager[751]:    SCPlugin-Ifupdown: (166331800) ... get_connections.
Nov  3 18:10:46 wh1t3r0s3-laptop NetworkManager[751]:    SCPlugin-Ifupdown: (166331800) ... get_connections (managed=false): return empty list.
Nov  3 18:10:46 wh1t3r0s3-laptop NetworkManager[751]:    Ifupdown: get unmanaged devices count: 0
Nov  3 18:10:46 wh1t3r0s3-laptop NetworkManager[751]: <info> modem-manager is now available
Nov  3 18:10:46 wh1t3r0s3-laptop NetworkManager[751]: <info> monitoring kernel firmware directory '/lib/firmware'.
Nov  3 18:10:46 wh1t3r0s3-laptop NetworkManager[751]: <info> WiFi enabled by radio killswitch; enabled by state file
Nov  3 18:10:46 wh1t3r0s3-laptop NetworkManager[751]: <info> WWAN enabled by radio killswitch; enabled by state file
Nov  3 18:10:46 wh1t3r0s3-laptop NetworkManager[751]: <info> WiMAX enabled by radio killswitch; enabled by state file
Nov  3 18:10:46 wh1t3r0s3-laptop NetworkManager[751]: <info> Networking is enabled by state file
Nov  3 18:10:46 wh1t3r0s3-laptop NetworkManager[751]: <warn> failed to allocate link cache: (-10) Operation not supported
Nov  3 18:10:46 wh1t3r0s3-laptop NetworkManager[751]: <info> (eth0): carrier is OFF
Nov  3 18:10:46 wh1t3r0s3-laptop NetworkManager[751]: <info> (eth0): new Ethernet device (driver: 'e1000' ifindex: 2)
Nov  3 18:10:46 wh1t3r0s3-laptop NetworkManager[751]: <info> (eth0): exported as /org/freedesktop/NetworkManager/Devices/0
Nov  3 18:10:46 wh1t3r0s3-laptop NetworkManager[751]: <info> (eth0): now managed
Nov  3 18:10:46 wh1t3r0s3-laptop NetworkManager[751]: <info> (eth0): device state change: unmanaged -> unavailable (reason 'managed') [10 20 2]
Nov  3 18:10:46 wh1t3r0s3-laptop NetworkManager[751]: <info> (eth0): bringing up device.
Nov  3 18:10:46 wh1t3r0s3-laptop kernel: [   17.789746] e1000: eth0 NIC Link is Up 1000 Mbps Full Duplex, Flow Control: RX
Nov  3 18:10:46 wh1t3r0s3-laptop kernel: [   17.797551] type=1400 audit(1446595846.777:8): apparmor="STATUS" operation="profile_load" name="/usr/lib/lightdm/lightdm/lightdm-guest-session-wrapper" pid=797 comm="apparmor_parser"
Nov  3 18:10:46 wh1t3r0s3-laptop kernel: [   17.797757] type=1400 audit(1446595846.777:9): apparmor="STATUS" operation="profile_load" name="/usr/lib/lightdm/lightdm/lightdm-guest-session-wrapper//chromium_browser" pid=797 comm="apparmor_parser"
Nov  3 18:10:46 wh1t3r0s3-laptop kernel: [   17.798418] ADDRCONF(NETDEV_UP): eth0: link is not ready
Nov  3 18:10:46 wh1t3r0s3-laptop kernel: [   17.798486] ADDRCONF(NETDEV_CHANGE): eth0: link becomes ready
Nov  3 18:10:46 wh1t3r0s3-laptop NetworkManager[751]: <info> (eth0): carrier now ON (device state 20)
Nov  3 18:10:46 wh1t3r0s3-laptop NetworkManager[751]: <info> (eth0): preparing device.
Nov  3 18:10:46 wh1t3r0s3-laptop NetworkManager[751]: <info> (eth0): deactivating device (reason 'managed') [2]
Nov  3 18:10:46 wh1t3r0s3-laptop NetworkManager[751]: <info> Added default wired connection 'Wired connection 1' for /sys/devices/pci0000:00/0000:00:03.0/net/eth0
Nov  3 18:10:46 wh1t3r0s3-laptop kernel: [   17.814177] type=1400 audit(1446595846.797:10): apparmor="STATUS" operation="profile_replace" name="/sbin/dhclient" pid=798 comm="apparmor_parser"
Nov  3 18:10:46 wh1t3r0s3-laptop kernel: [   17.815047] type=1400 audit(1446595846.797:11): apparmor="STATUS" operation="profile_replace" name="/usr/lib/NetworkManager/nm-dhcp-client.action" pid=798 comm="apparmor_parser"
Nov  3 18:10:46 wh1t3r0s3-laptop NetworkManager[751]: <info> (eth0): device state change: unavailable -> disconnected (reason 'none') [20 30 0]
Nov  3 18:10:46 wh1t3r0s3-laptop NetworkManager[751]: <info> Auto-activating connection 'Wired connection 1'.
Nov  3 18:10:46 wh1t3r0s3-laptop NetworkManager[751]: <info> Activation (eth0) starting connection 'Wired connection 1'
Nov  3 18:10:46 wh1t3r0s3-laptop NetworkManager[751]: <info> (eth0): device state change: disconnected -> prepare (reason 'none') [30 40 0]
Nov  3 18:10:46 wh1t3r0s3-laptop NetworkManager[751]: <info> Activation (eth0) Stage 1 of 5 (Device Prepare) scheduled...
Nov  3 18:10:46 wh1t3r0s3-laptop NetworkManager[751]: <info> Activation (eth0) Stage 1 of 5 (Device Prepare) started...
Nov  3 18:10:46 wh1t3r0s3-laptop NetworkManager[751]: <info> Activation (eth0) Stage 2 of 5 (Device Configure) scheduled...
Nov  3 18:10:46 wh1t3r0s3-laptop NetworkManager[751]: <info> Activation (eth0) Stage 1 of 5 (Device Prepare) complete.
Nov  3 18:10:46 wh1t3r0s3-laptop NetworkManager[751]: <info> Activation (eth0) Stage 2 of 5 (Device Configure) starting...
Nov  3 18:10:46 wh1t3r0s3-laptop NetworkManager[751]: <info> (eth0): device state change: prepare -> config (reason 'none') [40 50 0]
Nov  3 18:10:46 wh1t3r0s3-laptop NetworkManager[751]: <info> Activation (eth0) Stage 2 of 5 (Device Configure) successful.
Nov  3 18:10:46 wh1t3r0s3-laptop NetworkManager[751]: <info> Activation (eth0) Stage 3 of 5 (IP Configure Start) scheduled.
Nov  3 18:10:46 wh1t3r0s3-laptop NetworkManager[751]: <info> Activation (eth0) Stage 2 of 5 (Device Configure) complete.
Nov  3 18:10:46 wh1t3r0s3-laptop NetworkManager[751]: <info> Activation (eth0) Stage 3 of 5 (IP Configure Start) started...
Nov  3 18:10:46 wh1t3r0s3-laptop NetworkManager[751]: <info> (eth0): device state change: config -> ip-config (reason 'none') [50 70 0]
Nov  3 18:10:46 wh1t3r0s3-laptop NetworkManager[751]: <info> Activation (eth0) Beginning DHCPv4 transaction (timeout in 45 seconds)
Nov  3 18:10:46 wh1t3r0s3-laptop NetworkManager[751]: <info> dhclient started with pid 805
Nov  3 18:10:46 wh1t3r0s3-laptop NetworkManager[751]: <info> Activation (eth0) Beginning IP6 addrconf.
Nov  3 18:10:46 wh1t3r0s3-laptop dhclient: Internet Systems Consortium DHCP Client 4.1-ESV-R4
Nov  3 18:10:46 wh1t3r0s3-laptop dhclient: Copyright 2004-2011 Internet Systems Consortium.
Nov  3 18:10:46 wh1t3r0s3-laptop dhclient: All rights reserved.
Nov  3 18:10:46 wh1t3r0s3-laptop dhclient: For info, please visit https://www.isc.org/software/dhcp/
Nov  3 18:10:46 wh1t3r0s3-laptop dhclient: 
Nov  3 18:10:46 wh1t3r0s3-laptop NetworkManager[751]: <info> Activation (eth0) Stage 3 of 5 (IP Configure Start) complete.
Nov  3 18:10:46 wh1t3r0s3-laptop NetworkManager[751]: <info> (eth0): DHCPv4 state changed nbi -> preinit
Nov  3 18:10:46 wh1t3r0s3-laptop dhclient: Listening on LPF/eth0/08:00:27:72:7b:b0
Nov  3 18:10:46 wh1t3r0s3-laptop dhclient: Sending on   LPF/eth0/08:00:27:72:7b:b0
Nov  3 18:10:46 wh1t3r0s3-laptop dhclient: Sending on   Socket/fallback
Nov  3 18:10:46 wh1t3r0s3-laptop dhclient: DHCPDISCOVER on eth0 to 255.255.255.255 port 67 interval 3
Nov  3 18:10:46 wh1t3r0s3-laptop kernel: [   17.942831] snd_intel8x0 0000:00:05.0: PCI INT A -> Link[LNKA] -> GSI 11 (level, low) -> IRQ 11
Nov  3 18:10:46 wh1t3r0s3-laptop kernel: [   17.942851] intel8x0: disable (unknown or VT-d) VM optimization
Nov  3 18:10:46 wh1t3r0s3-laptop kernel: [   17.942871] snd_intel8x0 0000:00:05.0: setting latency timer to 64
Nov  3 18:10:47 wh1t3r0s3-laptop ntpd[897]: ntpd 4.2.6p3@1.2290-o Fri Oct 23 16:51:27 UTC 2015 (1)
Nov  3 18:10:47 wh1t3r0s3-laptop ntpd[901]: proto: precision = 0.275 usec
Nov  3 18:10:47 wh1t3r0s3-laptop ntpd[901]: ntp_io: estimated max descriptors: 1024, initial socket boundary: 16
Nov  3 18:10:47 wh1t3r0s3-laptop ntpd[901]: Listen and drop on 0 v4wildcard 0.0.0.0 UDP 123
Nov  3 18:10:47 wh1t3r0s3-laptop ntpd[901]: Listen and drop on 1 v6wildcard :: UDP 123
Nov  3 18:10:47 wh1t3r0s3-laptop ntpd[901]: Listen normally on 2 lo 127.0.0.1 UDP 123
Nov  3 18:10:47 wh1t3r0s3-laptop ntpd[901]: Listen normally on 3 lo ::1 UDP 123
Nov  3 18:10:47 wh1t3r0s3-laptop ntpd[901]: bind(20) AF_INET6 fe80::a00:27ff:fe72:7bb0%2#123 flags 0x11 failed: Cannot assign requested address
Nov  3 18:10:47 wh1t3r0s3-laptop ntpd[901]: unable to create socket on eth0 (4) for fe80::a00:27ff:fe72:7bb0#123
Nov  3 18:10:47 wh1t3r0s3-laptop ntpd[901]: failed to init interface for address fe80::a00:27ff:fe72:7bb0
Nov  3 18:10:47 wh1t3r0s3-laptop ntpd[901]: peers refreshed
Nov  3 18:10:47 wh1t3r0s3-laptop ntpd[901]: Listening on routing socket on fd #20 for interface updates
Nov  3 18:10:47 wh1t3r0s3-laptop ntpd[901]: Deferring DNS for 0.ubuntu.pool.ntp.org 1
Nov  3 18:10:47 wh1t3r0s3-laptop ntpd[901]: Deferring DNS for 1.ubuntu.pool.ntp.org 1
Nov  3 18:10:47 wh1t3r0s3-laptop ntpd[901]: Deferring DNS for 2.ubuntu.pool.ntp.org 1
Nov  3 18:10:47 wh1t3r0s3-laptop ntpd[901]: Deferring DNS for 3.ubuntu.pool.ntp.org 1
Nov  3 18:10:47 wh1t3r0s3-laptop ntpd[901]: Deferring DNS for ntp.ubuntu.com 1
Nov  3 18:10:47 wh1t3r0s3-laptop kernel: [   18.058131] init: alsa-restore main process (888) terminated with status 19
Nov  3 18:10:47 wh1t3r0s3-laptop anacron[929]: Anacron 2.3 started on 2015-11-03
Nov  3 18:10:47 wh1t3r0s3-laptop cron[890]: (CRON) INFO (pidfile fd = 3)
Nov  3 18:10:47 wh1t3r0s3-laptop cron[943]: (CRON) STARTUP (fork ok)
Nov  3 18:10:47 wh1t3r0s3-laptop cron[943]: (CRON) INFO (Running @reboot jobs)
Nov  3 18:10:47 wh1t3r0s3-laptop kernel: [   18.227484] intel8x0: white list rate for 1028:0177 is 48000
Nov  3 18:10:47 wh1t3r0s3-laptop anacron[929]: Normal exit (0 jobs run)
Nov  3 18:10:47 wh1t3r0s3-laptop kernel: [   18.312476] init: plymouth-upstart-bridge main process (567) killed by TERM signal
Nov  3 18:10:47 wh1t3r0s3-laptop kernel: [   18.368427] vesafb: mode is 640x480x32, linelength=2560, pages=0
Nov  3 18:10:47 wh1t3r0s3-laptop kernel: [   18.368430] vesafb: scrolling: redraw
Nov  3 18:10:47 wh1t3r0s3-laptop kernel: [   18.368431] vesafb: Truecolor: size=8:8:8:8, shift=24:16:8:0
Nov  3 18:10:47 wh1t3r0s3-laptop kernel: [   18.368437] mtrr: your processor doesn't support write-combining
Nov  3 18:10:47 wh1t3r0s3-laptop kernel: [   18.368466] vesafb: framebuffer at 0xe0000000, mapped to 0xf0b00000, using 1216k, total 1216k
Nov  3 18:10:47 wh1t3r0s3-laptop kernel: [   18.368544] Console: switching to colour frame buffer device 80x30
Nov  3 18:10:47 wh1t3r0s3-laptop kernel: [   18.368548] fb0: VESA VGA frame buffer device
Nov  3 18:10:47 wh1t3r0s3-laptop kernel: [   18.398816] init: plymouth-splash main process (985) terminated with status 1
Nov  3 18:10:47 wh1t3r0s3-laptop dbus[559]: [system] Activating service name='org.freedesktop.Accounts' (using servicehelper)
Nov  3 18:10:47 wh1t3r0s3-laptop dbus[559]: [system] Successfully activated service 'org.freedesktop.Accounts'
Nov  3 18:10:47 wh1t3r0s3-laptop accounts-daemon[996]: started daemon version 0.6.15
Nov  3 18:10:47 wh1t3r0s3-laptop kernel: [   18.886232] init: plymouth-stop pre-start process (1008) terminated with status 1
Nov  3 18:10:47 wh1t3r0s3-laptop dhclient: DHCPREQUEST of 172.17.146.78 on eth0 to 255.255.255.255 port 67
Nov  3 18:10:47 wh1t3r0s3-laptop dhclient: DHCPOFFER of 172.17.146.78 from 192.17.2.10
Nov  3 18:10:47 wh1t3r0s3-laptop dbus[559]: [system] Activating service name='org.freedesktop.ConsoleKit' (using servicehelper)
Nov  3 18:10:48 wh1t3r0s3-laptop dbus[559]: [system] Successfully activated service 'org.freedesktop.ConsoleKit'
Nov  3 18:10:48 wh1t3r0s3-laptop ntpd[901]: bind(21) AF_INET6 fe80::a00:27ff:fe72:7bb0%2#123 flags 0x11 failed: Cannot assign requested address
Nov  3 18:10:48 wh1t3r0s3-laptop ntpd[901]: unable to create socket on eth0 (5) for fe80::a00:27ff:fe72:7bb0#123
Nov  3 18:10:48 wh1t3r0s3-laptop ntpd[901]: failed to init interface for address fe80::a00:27ff:fe72:7bb0
Nov  3 18:10:48 wh1t3r0s3-laptop dhclient: DHCPACK of 172.17.146.78 from 192.17.2.20
Nov  3 18:10:48 wh1t3r0s3-laptop dhclient: bound to 172.17.146.78 -- renewal in 6672 seconds.
Nov  3 18:10:48 wh1t3r0s3-laptop NetworkManager[751]: <info> (eth0): DHCPv4 state changed preinit -> bound
Nov  3 18:10:48 wh1t3r0s3-laptop NetworkManager[751]: <info>   address 172.17.146.78
Nov  3 18:10:48 wh1t3r0s3-laptop NetworkManager[751]: <info>   prefix 16 (255.255.0.0)
Nov  3 18:10:48 wh1t3r0s3-laptop NetworkManager[751]: <info>   gateway 172.17.0.1
Nov  3 18:10:48 wh1t3r0s3-laptop NetworkManager[751]: <info>   nameserver '130.126.2.131'
Nov  3 18:10:48 wh1t3r0s3-laptop NetworkManager[751]: <info>   wins '128.174.5.30'
Nov  3 18:10:48 wh1t3r0s3-laptop NetworkManager[751]: <info>   wins '128.174.5.31'
Nov  3 18:10:48 wh1t3r0s3-laptop NetworkManager[751]: <info> Activation (eth0) Stage 5 of 5 (IPv4 Configure Commit) scheduled...
Nov  3 18:10:48 wh1t3r0s3-laptop NetworkManager[751]: <info> Activation (eth0) Stage 5 of 5 (IPv4 Commit) started...
Nov  3 18:10:48 wh1t3r0s3-laptop dbus[559]: [system] Activating service name='org.freedesktop.UPower' (using servicehelper)
Nov  3 18:10:48 wh1t3r0s3-laptop dbus[559]: [system] Successfully activated service 'org.freedesktop.UPower'
Nov  3 18:10:48 wh1t3r0s3-laptop anacron[1178]: Anacron 2.3 started on 2015-11-03
Nov  3 18:10:48 wh1t3r0s3-laptop anacron[1178]: Normal exit (0 jobs run)
Nov  3 18:10:49 wh1t3r0s3-laptop NetworkManager[751]: <info> DNS: starting dnsmasq...
Nov  3 18:10:49 wh1t3r0s3-laptop NetworkManager[751]: <error> [1446595849.27464] [nm-dns-dnsmasq.c:393] update(): dnsmasq not available on the bus, can't update servers.
Nov  3 18:10:49 wh1t3r0s3-laptop NetworkManager[751]: <error> [1446595849.27543] [nm-dns-dnsmasq.c:395] update(): dnsmasq owner not found on bus: Could not get owner of name 'uk.org.thekelleys.dnsmasq': no such name
Nov  3 18:10:49 wh1t3r0s3-laptop NetworkManager[751]: <warn> DNS: plugin dnsmasq update failed
Nov  3 18:10:49 wh1t3r0s3-laptop NetworkManager[751]: <info> (eth0): writing resolv.conf to /sbin/resolvconf
Nov  3 18:10:49 wh1t3r0s3-laptop dnsmasq[1224]: started, version 2.59 cache disabled
Nov  3 18:10:49 wh1t3r0s3-laptop dnsmasq[1224]: compile time options: IPv6 GNU-getopt DBus i18n DHCP TFTP conntrack IDN
Nov  3 18:10:49 wh1t3r0s3-laptop dnsmasq[1224]: DBus support enabled: connected to system bus
Nov  3 18:10:49 wh1t3r0s3-laptop dnsmasq[1224]: warning: no upstream servers configured
Nov  3 18:10:49 wh1t3r0s3-laptop NetworkManager[751]: <info> (eth0): device state change: ip-config -> activated (reason 'none') [70 100 0]
Nov  3 18:10:49 wh1t3r0s3-laptop NetworkManager[751]: <info> Policy set 'Wired connection 1' (eth0) as default for IPv4 routing and DNS.
Nov  3 18:10:49 wh1t3r0s3-laptop NetworkManager[751]: <info> Activation (eth0) successful, device activated.
Nov  3 18:10:49 wh1t3r0s3-laptop dbus[559]: [system] Activating service name='org.freedesktop.nm_dispatcher' (using servicehelper)
Nov  3 18:10:49 wh1t3r0s3-laptop dbus[559]: [system] Successfully activated service 'org.freedesktop.nm_dispatcher'
Nov  3 18:10:49 wh1t3r0s3-laptop NetworkManager[751]: <info> Activation (eth0) Stage 5 of 5 (IPv4 Commit) complete.
Nov  3 18:10:49 wh1t3r0s3-laptop NetworkManager[751]: <warn> dnsmasq appeared on DBus: :1.18
Nov  3 18:10:49 wh1t3r0s3-laptop NetworkManager[751]: <info> (eth0): writing resolv.conf to /sbin/resolvconf
Nov  3 18:10:49 wh1t3r0s3-laptop dnsmasq[1224]: setting upstream servers from DBus
Nov  3 18:10:49 wh1t3r0s3-laptop dnsmasq[1224]: using nameserver 130.126.2.131#53
Nov  3 18:10:49 wh1t3r0s3-laptop ntpd[901]: ntpd exiting on signal 15
Nov  3 18:10:56 wh1t3r0s3-laptop dbus[559]: [system] Activating service name='org.freedesktop.UDisks' (using servicehelper)
Nov  3 18:10:56 wh1t3r0s3-laptop dbus[559]: [system] Successfully activated service 'org.freedesktop.UDisks'
Nov  3 18:10:57 wh1t3r0s3-laptop kernel: [   28.477295] eth0: no IPv6 routers present
Nov  3 18:11:06 wh1t3r0s3-laptop ntpdate[1311]: step time server 66.219.116.140 offset 5.398929 sec
Nov  3 18:11:06 wh1t3r0s3-laptop ntpd[1489]: ntpd 4.2.6p3@1.2290-o Fri Oct 23 16:51:27 UTC 2015 (1)
Nov  3 18:11:06 wh1t3r0s3-laptop ntpd[1490]: proto: precision = 0.341 usec
Nov  3 18:11:06 wh1t3r0s3-laptop ntpd[1490]: ntp_io: estimated max descriptors: 1024, initial socket boundary: 16
Nov  3 18:11:06 wh1t3r0s3-laptop ntpd[1490]: Listen and drop on 0 v4wildcard 0.0.0.0 UDP 123
Nov  3 18:11:06 wh1t3r0s3-laptop ntpd[1490]: Listen and drop on 1 v6wildcard :: UDP 123
Nov  3 18:11:06 wh1t3r0s3-laptop ntpd[1490]: Listen normally on 2 lo 127.0.0.1 UDP 123
Nov  3 18:11:06 wh1t3r0s3-laptop ntpd[1490]: Listen normally on 3 eth0 172.17.146.78 UDP 123
Nov  3 18:11:06 wh1t3r0s3-laptop ntpd[1490]: Listen normally on 4 lo ::1 UDP 123
Nov  3 18:11:06 wh1t3r0s3-laptop ntpd[1490]: Listen normally on 5 eth0 fe80::a00:27ff:fe72:7bb0 UDP 123
Nov  3 18:11:06 wh1t3r0s3-laptop ntpd[1490]: peers refreshed
Nov  3 18:11:06 wh1t3r0s3-laptop ntpd[1490]: Listening on routing socket on fd #22 for interface updates
Nov  3 18:11:12 wh1t3r0s3-laptop NetworkManager[751]: <info> (eth0): IP6 addrconf timed out or failed.
Nov  3 18:11:12 wh1t3r0s3-laptop NetworkManager[751]: <info> Activation (eth0) Stage 4 of 5 (IPv6 Configure Timeout) scheduled...
Nov  3 18:11:12 wh1t3r0s3-laptop NetworkManager[751]: <info> Activation (eth0) Stage 4 of 5 (IPv6 Configure Timeout) started...
Nov  3 18:11:12 wh1t3r0s3-laptop NetworkManager[751]: <info> Activation (eth0) Stage 4 of 5 (IPv6 Configure Timeout) complete.
Nov  3 18:11:24 wh1t3r0s3-laptop ntpd_intres[905]: parent died before we finished, exiting
Nov  3 18:17:01 wh1t3r0s3-laptop CRON[9965]: (root) CMD (   cd / && run-parts --report /etc/cron.hourly)
Nov  3 18:43:41 wh1t3r0s3-laptop kernel: Kernel logging (proc) stopped.
Nov  3 18:43:41 wh1t3r0s3-laptop rsyslogd: [origin software="rsyslogd" swVersion="5.8.6" x-pid="580" x-info="http://www.rsyslog.com"] exiting on signal 15.
Nov  3 18:44:56 wh1t3r0s3-laptop kernel: imklog 5.8.6, log source = /proc/kmsg started.
Nov  3 18:44:56 wh1t3r0s3-laptop rsyslogd: [origin software="rsyslogd" swVersion="5.8.6" x-pid="668" x-info="http://www.rsyslog.com"] start
Nov  3 18:44:56 wh1t3r0s3-laptop rsyslogd: rsyslogd's groupid changed to 103
Nov  3 18:44:56 wh1t3r0s3-laptop rsyslogd: rsyslogd's userid changed to 101
Nov  3 18:44:56 wh1t3r0s3-laptop rsyslogd-2039: Could not open output pipe '/dev/xconsole' [try http://www.rsyslog.com/e/2039 ]
Nov  3 18:44:56 wh1t3r0s3-laptop kernel: [    0.000000] Initializing cgroup subsys cpuset
Nov  3 18:44:56 wh1t3r0s3-laptop kernel: [    0.000000] Initializing cgroup subsys cpu
Nov  3 18:44:56 wh1t3r0s3-laptop kernel: [    0.000000] Linux version 3.2.0-92-generic (buildd@lgw01-18) (gcc version 4.6.3 (Ubuntu/Linaro 4.6.3-1ubuntu5) ) #131-Ubuntu SMP Tue Oct 20 16:16:45 UTC 2015 (Ubuntu 3.2.0-92.131-generic 3.2.71)
Nov  3 18:44:56 wh1t3r0s3-laptop kernel: [    0.000000] KERNEL supported cpus:
Nov  3 18:44:56 wh1t3r0s3-laptop kernel: [    0.000000]   Intel GenuineIntel
Nov  3 18:44:56 wh1t3r0s3-laptop kernel: [    0.000000]   AMD AuthenticAMD
Nov  3 18:44:56 wh1t3r0s3-laptop kernel: [    0.000000]   NSC Geode by NSC
Nov  3 18:44:56 wh1t3r0s3-laptop kernel: [    0.000000]   Cyrix CyrixInstead
Nov  3 18:44:56 wh1t3r0s3-laptop kernel: [    0.000000]   Centaur CentaurHauls
Nov  3 18:44:56 wh1t3r0s3-laptop kernel: [    0.000000]   Transmeta GenuineTMx86
Nov  3 18:44:56 wh1t3r0s3-laptop kernel: [    0.000000]   Transmeta TransmetaCPU
Nov  3 18:44:56 wh1t3r0s3-laptop kernel: [    0.000000]   UMC UMC UMC UMC
Nov  3 18:44:56 wh1t3r0s3-laptop kernel: [    0.000000] BIOS-provided physical RAM map:
Nov  3 18:44:56 wh1t3r0s3-laptop kernel: [    0.000000]  BIOS-e820: 0000000000000000 - 000000000009fc00 (usable)
Nov  3 18:44:56 wh1t3r0s3-laptop kernel: [    0.000000]  BIOS-e820: 000000000009fc00 - 00000000000a0000 (reserved)
Nov  3 18:44:56 wh1t3r0s3-laptop kernel: [    0.000000]  BIOS-e820: 00000000000f0000 - 0000000000100000 (reserved)
Nov  3 18:44:56 wh1t3r0s3-laptop kernel: [    0.000000]  BIOS-e820: 0000000000100000 - 000000002fff0000 (usable)
Nov  3 18:44:56 wh1t3r0s3-laptop kernel: [    0.000000]  BIOS-e820: 000000002fff0000 - 0000000030000000 (ACPI data)
Nov  3 18:44:56 wh1t3r0s3-laptop kernel: [    0.000000]  BIOS-e820: 00000000fffc0000 - 0000000100000000 (reserved)
Nov  3 18:44:56 wh1t3r0s3-laptop kernel: [    0.000000] Notice: NX (Execute Disable) protection cannot be enabled in hardware: non-PAE kernel!
Nov  3 18:44:56 wh1t3r0s3-laptop kernel: [    0.000000] NX (Execute Disable) protection: approximated by x86 segment limits
Nov  3 18:44:56 wh1t3r0s3-laptop kernel: [    0.000000] SMBIOS 2.5 present.
Nov  3 18:44:56 wh1t3r0s3-laptop kernel: [    0.000000] DMI: innotek GmbH VirtualBox/VirtualBox, BIOS VirtualBox 12/01/2006
Nov  3 18:44:56 wh1t3r0s3-laptop kernel: [    0.000000] e820 update range: 0000000000000000 - 0000000000010000 (usable) ==> (reserved)
Nov  3 18:44:56 wh1t3r0s3-laptop kernel: [    0.000000] e820 remove range: 00000000000a0000 - 0000000000100000 (usable)
Nov  3 18:44:56 wh1t3r0s3-laptop kernel: [    0.000000] last_pfn = 0x2fff0 max_arch_pfn = 0x100000
Nov  3 18:44:56 wh1t3r0s3-laptop kernel: [    0.000000] MTRR default type: uncachable
Nov  3 18:44:56 wh1t3r0s3-laptop kernel: [    0.000000] MTRR variable ranges disabled:
Nov  3 18:44:56 wh1t3r0s3-laptop kernel: [    0.000000] x86 PAT enabled: cpu 0, old 0x7040600070406, new 0x7010600070106
Nov  3 18:44:56 wh1t3r0s3-laptop kernel: [    0.000000] CPU MTRRs all blank - virtualized system.
Nov  3 18:44:56 wh1t3r0s3-laptop kernel: [    0.000000] initial memory mapped : 0 - 01c00000
Nov  3 18:44:56 wh1t3r0s3-laptop kernel: [    0.000000] Base memory trampoline at [c009b000] 9b000 size 16384
Nov  3 18:44:56 wh1t3r0s3-laptop kernel: [    0.000000] init_memory_mapping: 0000000000000000-000000002fff0000
Nov  3 18:44:56 wh1t3r0s3-laptop kernel: [    0.000000]  0000000000 - 0000400000 page 4k
Nov  3 18:44:56 wh1t3r0s3-laptop kernel: [    0.000000]  0000400000 - 002fc00000 page 2M
Nov  3 18:44:56 wh1t3r0s3-laptop kernel: [    0.000000]  002fc00000 - 002fff0000 page 4k
Nov  3 18:44:56 wh1t3r0s3-laptop kernel: [    0.000000] kernel direct mapping tables up to 2fff0000 @ 1bf8000-1c00000
Nov  3 18:44:56 wh1t3r0s3-laptop kernel: [    0.000000] RAMDISK: 2e783000 - 2f50a000
Nov  3 18:44:56 wh1t3r0s3-laptop kernel: [    0.000000] ACPI: RSDP 0x00000000000E0000 00024 (v02 VBOX  )
Nov  3 18:44:56 wh1t3r0s3-laptop kernel: [    0.000000] ACPI: XSDT 0x000000002FFF0030 00034 (v01 VBOX   VBOXXSDT 00000001 ASL  00000061)
Nov  3 18:44:56 wh1t3r0s3-laptop kernel: [    0.000000] ACPI: FACP 0x000000002FFF00F0 000F4 (v04 VBOX   VBOXFACP 00000001 ASL  00000061)
Nov  3 18:44:56 wh1t3r0s3-laptop kernel: [    0.000000] ACPI: DSDT 0x000000002FFF0410 01CEB (v01 VBOX   VBOXBIOS 00000002 INTL 20100528)
Nov  3 18:44:56 wh1t3r0s3-laptop kernel: [    0.000000] ACPI: FACS 0x000000002FFF0200 00040
Nov  3 18:44:56 wh1t3r0s3-laptop kernel: [    0.000000] ACPI: SSDT 0x000000002FFF0240 001CC (v01 VBOX   VBOXCPUT 00000002 INTL 20100528)
Nov  3 18:44:56 wh1t3r0s3-laptop kernel: [    0.000000] 0MB HIGHMEM available.
Nov  3 18:44:56 wh1t3r0s3-laptop kernel: [    0.000000] 767MB LOWMEM available.
Nov  3 18:44:56 wh1t3r0s3-laptop kernel: [    0.000000]   mapped low ram: 0 - 2fff0000
Nov  3 18:44:56 wh1t3r0s3-laptop kernel: [    0.000000]   low ram: 0 - 2fff0000
Nov  3 18:44:56 wh1t3r0s3-laptop kernel: [    0.000000] kvm-clock: Using msrs 4b564d01 and 4b564d00
Nov  3 18:44:56 wh1t3r0s3-laptop kernel: [    0.000000] kvm-clock: cpu 0, msr 0:18f9381, boot clock
Nov  3 18:44:56 wh1t3r0s3-laptop kernel: [    5.305896] Zone PFN ranges:
Nov  3 18:44:56 wh1t3r0s3-laptop kernel: [    5.305897]   DMA      0x00000010 -> 0x00001000
Nov  3 18:44:56 wh1t3r0s3-laptop kernel: [    5.305899]   Normal   0x00001000 -> 0x0002fff0
Nov  3 18:44:56 wh1t3r0s3-laptop kernel: [    5.305900]   HighMem  empty
Nov  3 18:44:56 wh1t3r0s3-laptop kernel: [    5.305901] Movable zone start PFN for each node
Nov  3 18:44:56 wh1t3r0s3-laptop kernel: [    5.305902] early_node_map[2] active PFN ranges
Nov  3 18:44:56 wh1t3r0s3-laptop kernel: [    5.305903]     0: 0x00000010 -> 0x0000009f
Nov  3 18:44:56 wh1t3r0s3-laptop kernel: [    5.305904]     0: 0x00000100 -> 0x0002fff0
Nov  3 18:44:56 wh1t3r0s3-laptop kernel: [    5.305906] On node 0 totalpages: 196479
Nov  3 18:44:56 wh1t3r0s3-laptop kernel: [    5.306187] free_area_init_node: node 0, pgdat c1838180, node_mem_map ef9ef200
Nov  3 18:44:56 wh1t3r0s3-laptop kernel: [    5.306189]   DMA zone: 32 pages used for memmap
Nov  3 18:44:56 wh1t3r0s3-laptop kernel: [    5.306190]   DMA zone: 0 pages reserved
Nov  3 18:44:56 wh1t3r0s3-laptop kernel: [    5.306191]   DMA zone: 3951 pages, LIFO batch:0
Nov  3 18:44:56 wh1t3r0s3-laptop kernel: [    5.306239]   Normal zone: 1504 pages used for memmap
Nov  3 18:44:56 wh1t3r0s3-laptop kernel: [    5.306240]   Normal zone: 190992 pages, LIFO batch:31
Nov  3 18:44:56 wh1t3r0s3-laptop kernel: [    5.309097] Using APIC driver default
Nov  3 18:44:56 wh1t3r0s3-laptop kernel: [    5.309659] ACPI: PM-Timer IO Port: 0x4008
Nov  3 18:44:56 wh1t3r0s3-laptop kernel: [    5.309663] SMP: Allowing 1 CPUs, 0 hotplug CPUs
Nov  3 18:44:56 wh1t3r0s3-laptop kernel: [    5.309672] Found and enabled local APIC!
Nov  3 18:44:56 wh1t3r0s3-laptop kernel: [    5.309706] nr_irqs_gsi: 16
Nov  3 18:44:56 wh1t3r0s3-laptop kernel: [    5.309726] PM: Registered nosave memory: 000000000009f000 - 00000000000a0000
Nov  3 18:44:56 wh1t3r0s3-laptop kernel: [    5.309728] PM: Registered nosave memory: 00000000000a0000 - 00000000000f0000
Nov  3 18:44:56 wh1t3r0s3-laptop kernel: [    5.309730] PM: Registered nosave memory: 00000000000f0000 - 0000000000100000
Nov  3 18:44:56 wh1t3r0s3-laptop kernel: [    5.309734] Allocating PCI resources starting at 30000000 (gap: 30000000:cffc0000)
Nov  3 18:44:56 wh1t3r0s3-laptop kernel: [    5.309736] Booting paravirtualized kernel on KVM
Nov  3 18:44:56 wh1t3r0s3-laptop kernel: [    5.309741] setup_percpu: NR_CPUS:8 nr_cpumask_bits:8 nr_cpu_ids:1 nr_node_ids:1
Nov  3 18:44:56 wh1t3r0s3-laptop kernel: [    5.309756] PERCPU: Embedded 13 pages/cpu @ef9dc000 s31680 r0 d21568 u53248
Nov  3 18:44:56 wh1t3r0s3-laptop kernel: [    5.309764] pcpu-alloc: s31680 r0 d21568 u53248 alloc=13*4096
Nov  3 18:44:56 wh1t3r0s3-laptop kernel: [    5.309766] pcpu-alloc: [0] 0 
Nov  3 18:44:56 wh1t3r0s3-laptop kernel: [    5.309830] kvm-clock: cpu 0, msr 0:2f9e3381, primary cpu clock
Nov  3 18:44:56 wh1t3r0s3-laptop kernel: [    5.309839] Built 1 zonelists in Zone order, mobility grouping on.  Total pages: 194943
Nov  3 18:44:56 wh1t3r0s3-laptop kernel: [    5.309842] Kernel command line: BOOT_IMAGE=/boot/vmlinuz-3.2.0-92-generic root=UUID=02d31fc6-b532-4963-b1ad-ee47facdbbd3 ro quiet splash vt.handoff=7
Nov  3 18:44:56 wh1t3r0s3-laptop kernel: [    5.310971] PID hash table entries: 4096 (order: 2, 16384 bytes)
Nov  3 18:44:56 wh1t3r0s3-laptop kernel: [    5.311009] Dentry cache hash table entries: 131072 (order: 7, 524288 bytes)
Nov  3 18:44:56 wh1t3r0s3-laptop kernel: [    5.311268] Inode-cache hash table entries: 65536 (order: 6, 262144 bytes)
Nov  3 18:44:56 wh1t3r0s3-laptop kernel: [    5.311503] Initializing CPU#0
Nov  3 18:44:56 wh1t3r0s3-laptop kernel: [    5.311531] xsave/xrstor: enabled xstate_bv 0x7, cntxt size 0x340
Nov  3 18:44:56 wh1t3r0s3-laptop kernel: [    5.312112] allocated 3145216 bytes of page_cgroup
Nov  3 18:44:56 wh1t3r0s3-laptop kernel: [    5.312113] please try 'cgroup_disable=memory' option if you don't want memory cgroups
Nov  3 18:44:56 wh1t3r0s3-laptop kernel: [    5.329343] Initializing HighMem for node 0 (00000000:00000000)
Nov  3 18:44:56 wh1t3r0s3-laptop kernel: [    5.329350] Memory: 751860k/786368k available (5668k kernel code, 34056k reserved, 2797k data, 724k init, 0k highmem)
Nov  3 18:44:56 wh1t3r0s3-laptop kernel: [    5.329353] virtual kernel memory layout:
Nov  3 18:44:56 wh1t3r0s3-laptop kernel: [    5.329354]     fixmap  : 0xfff16000 - 0xfffff000   ( 932 kB)
Nov  3 18:44:56 wh1t3r0s3-laptop kernel: [    5.329355]     pkmap   : 0xff800000 - 0xffc00000   (4096 kB)
Nov  3 18:44:56 wh1t3r0s3-laptop kernel: [    5.329355]     vmalloc : 0xf07f0000 - 0xff7fe000   ( 240 MB)
Nov  3 18:44:56 wh1t3r0s3-laptop kernel: [    5.329356]     lowmem  : 0xc0000000 - 0xefff0000   ( 767 MB)
Nov  3 18:44:56 wh1t3r0s3-laptop kernel: [    5.329356]       .init : 0xc1845000 - 0xc18fa000   ( 724 kB)
Nov  3 18:44:56 wh1t3r0s3-laptop kernel: [    5.329357]       .data : 0xc1589184 - 0xc1844900   (2797 kB)
Nov  3 18:44:56 wh1t3r0s3-laptop kernel: [    5.329357]       .text : 0xc1000000 - 0xc1589184   (5668 kB)
Nov  3 18:44:56 wh1t3r0s3-laptop kernel: [    5.329359] Checking if this processor honours the WP bit even in supervisor mode...Ok.
Nov  3 18:44:56 wh1t3r0s3-laptop kernel: [    5.329393] SLUB: Genslabs=15, HWalign=64, Order=0-3, MinObjects=0, CPUs=1, Nodes=1
Nov  3 18:44:56 wh1t3r0s3-laptop kernel: [    5.329407] Hierarchical RCU implementation.
Nov  3 18:44:56 wh1t3r0s3-laptop kernel: [    5.329408] 	RCU dyntick-idle grace-period acceleration is enabled.
Nov  3 18:44:56 wh1t3r0s3-laptop kernel: [    5.329412] NR_IRQS:2304 nr_irqs:256 16
Nov  3 18:44:56 wh1t3r0s3-laptop kernel: [    5.329515] CPU 0 irqstacks, hard=ee008000 soft=ee00a000
Nov  3 18:44:56 wh1t3r0s3-laptop kernel: [    5.329574] vt handoff: transparent VT on vt#7
Nov  3 18:44:56 wh1t3r0s3-laptop kernel: [    5.329577] Console: colour dummy device 80x25
Nov  3 18:44:56 wh1t3r0s3-laptop kernel: [    5.329587] console [tty0] enabled
Nov  3 18:44:56 wh1t3r0s3-laptop kernel: [    5.329631] Detected 2893.406 MHz processor.
Nov  3 18:44:56 wh1t3r0s3-laptop kernel: [    5.329633] Calibrating delay loop (skipped) preset value.. 5786.81 BogoMIPS (lpj=11573624)
Nov  3 18:44:56 wh1t3r0s3-laptop kernel: [    5.329635] pid_max: default: 32768 minimum: 301
Nov  3 18:44:56 wh1t3r0s3-laptop kernel: [    5.329646] Security Framework initialized
Nov  3 18:44:56 wh1t3r0s3-laptop kernel: [    5.329657] AppArmor: AppArmor initialized
Nov  3 18:44:56 wh1t3r0s3-laptop kernel: [    5.329658] Yama: becoming mindful.
Nov  3 18:44:56 wh1t3r0s3-laptop kernel: [    5.329685] Mount-cache hash table entries: 512
Nov  3 18:44:56 wh1t3r0s3-laptop kernel: [    5.329742] Initializing cgroup subsys cpuacct
Nov  3 18:44:56 wh1t3r0s3-laptop kernel: [    5.329745] Initializing cgroup subsys memory
Nov  3 18:44:56 wh1t3r0s3-laptop kernel: [    5.329749] Initializing cgroup subsys devices
Nov  3 18:44:56 wh1t3r0s3-laptop kernel: [    5.329750] Initializing cgroup subsys freezer
Nov  3 18:44:56 wh1t3r0s3-laptop kernel: [    5.329751] Initializing cgroup subsys blkio
Nov  3 18:44:56 wh1t3r0s3-laptop kernel: [    5.329754] Initializing cgroup subsys perf_event
Nov  3 18:44:56 wh1t3r0s3-laptop kernel: [    5.329812] CPU: Physical Processor ID: 0
Nov  3 18:44:56 wh1t3r0s3-laptop kernel: [    5.330334] mce: CPU supports 0 MCE banks
Nov  3 18:44:56 wh1t3r0s3-laptop kernel: [    5.330348] using mwait in idle threads.
Nov  3 18:44:56 wh1t3r0s3-laptop kernel: [    5.331231] SMP alternatives: switching to UP code
Nov  3 18:44:56 wh1t3r0s3-laptop kernel: [    5.352069] Freeing SMP alternatives: 24k freed
Nov  3 18:44:56 wh1t3r0s3-laptop kernel: [    5.352075] ACPI: Core revision 20110623
Nov  3 18:44:56 wh1t3r0s3-laptop kernel: [    5.352549] ACPI: setting ELCR to 0200 (from 0e00)
Nov  3 18:44:56 wh1t3r0s3-laptop kernel: [    5.352609] ftrace: allocating 25614 entries in 51 pages
Nov  3 18:44:56 wh1t3r0s3-laptop kernel: [    5.386882] weird, boot CPU (#0) not listed by the BIOS.
Nov  3 18:44:56 wh1t3r0s3-laptop kernel: [    5.386889] SMP motherboard not detected.
Nov  3 18:44:56 wh1t3r0s3-laptop kernel: [    5.386890] Enabling APIC mode:  Flat.  Using 0 I/O APICs
Nov  3 18:44:56 wh1t3r0s3-laptop kernel: [    5.486267] SMP disabled
Nov  3 18:44:56 wh1t3r0s3-laptop kernel: [    5.486270] Performance Events: unsupported p6 CPU model 58 no PMU driver, software events only.
Nov  3 18:44:56 wh1t3r0s3-laptop kernel: [    5.486344] NMI watchdog disabled (cpu0): hardware events not enabled
Nov  3 18:44:56 wh1t3r0s3-laptop kernel: [    5.486351] Brought up 1 CPUs
Nov  3 18:44:56 wh1t3r0s3-laptop kernel: [    5.486352] Total of 1 processors activated (5786.81 BogoMIPS).
Nov  3 18:44:56 wh1t3r0s3-laptop kernel: [    5.486433] devtmpfs: initialized
Nov  3 18:44:56 wh1t3r0s3-laptop kernel: [    5.486491] EVM: security.selinux
Nov  3 18:44:56 wh1t3r0s3-laptop kernel: [    5.486492] EVM: security.SMACK64
Nov  3 18:44:56 wh1t3r0s3-laptop kernel: [    5.486493] EVM: security.capability
Nov  3 18:44:56 wh1t3r0s3-laptop kernel: [    5.487080] print_constraints: dummy: 
Nov  3 18:44:56 wh1t3r0s3-laptop kernel: [    5.487121] RTC time:  0:44:43, date: 11/04/15
Nov  3 18:44:56 wh1t3r0s3-laptop kernel: [    5.487143] NET: Registered protocol family 16
Nov  3 18:44:56 wh1t3r0s3-laptop kernel: [    5.487219] EISA bus registered
Nov  3 18:44:56 wh1t3r0s3-laptop kernel: [    5.487234] ACPI: bus type pci registered
Nov  3 18:44:56 wh1t3r0s3-laptop kernel: [    5.487316] PCI: PCI BIOS revision 2.10 entry at 0xfda26, last bus=0
Nov  3 18:44:56 wh1t3r0s3-laptop kernel: [    5.487317] PCI: Using configuration type 1 for base access
Nov  3 18:44:56 wh1t3r0s3-laptop kernel: [    5.487821] bio: create slab <bio-0> at 0
Nov  3 18:44:56 wh1t3r0s3-laptop kernel: [    5.487862] ACPI: Added _OSI(Module Device)
Nov  3 18:44:56 wh1t3r0s3-laptop kernel: [    5.487863] ACPI: Added _OSI(Processor Device)
Nov  3 18:44:56 wh1t3r0s3-laptop kernel: [    5.487864] ACPI: Added _OSI(3.0 _SCP Extensions)
Nov  3 18:44:56 wh1t3r0s3-laptop kernel: [    5.487866] ACPI: Added _OSI(Processor Aggregator Device)
Nov  3 18:44:56 wh1t3r0s3-laptop kernel: [    5.488098] ACPI: EC: Look up EC in DSDT
Nov  3 18:44:56 wh1t3r0s3-laptop kernel: [    5.488270] ACPI: Executed 1 blocks of module-level executable AML code
Nov  3 18:44:56 wh1t3r0s3-laptop kernel: [    5.489614] ACPI: Interpreter enabled
Nov  3 18:44:56 wh1t3r0s3-laptop kernel: [    5.489621] ACPI: (supports S0 S5)
Nov  3 18:44:56 wh1t3r0s3-laptop kernel: [    5.489626] ACPI: Using PIC for interrupt routing
Nov  3 18:44:56 wh1t3r0s3-laptop kernel: [    5.491390] ACPI: No dock devices found.
Nov  3 18:44:56 wh1t3r0s3-laptop kernel: [    5.491392] HEST: Table not found.
Nov  3 18:44:56 wh1t3r0s3-laptop kernel: [    5.491395] PCI: Ignoring host bridge windows from ACPI; if necessary, use "pci=use_crs" and report a bug
Nov  3 18:44:56 wh1t3r0s3-laptop kernel: [    5.491433] ACPI: PCI Root Bridge [PCI0] (domain 0000 [bus 00-ff])
Nov  3 18:44:56 wh1t3r0s3-laptop kernel: [    5.491508] pci_root PNP0A03:00: host bridge window [io  0x0000-0x0cf7] (ignored)
Nov  3 18:44:56 wh1t3r0s3-laptop kernel: [    5.491510] pci_root PNP0A03:00: host bridge window [io  0x0d00-0xffff] (ignored)
Nov  3 18:44:56 wh1t3r0s3-laptop kernel: [    5.491511] pci_root PNP0A03:00: host bridge window [mem 0x000a0000-0x000bffff] (ignored)
Nov  3 18:44:56 wh1t3r0s3-laptop kernel: [    5.491512] pci_root PNP0A03:00: host bridge window [mem 0x30000000-0xffdfffff] (ignored)
Nov  3 18:44:56 wh1t3r0s3-laptop kernel: [    5.491547] pci 0000:00:00.0: [8086:1237] type 0 class 0x000600
Nov  3 18:44:56 wh1t3r0s3-laptop kernel: [    5.491827] pci 0000:00:01.0: [8086:7000] type 0 class 0x000601
Nov  3 18:44:56 wh1t3r0s3-laptop kernel: [    5.492253] pci 0000:00:01.1: [8086:7111] type 0 class 0x000101
Nov  3 18:44:56 wh1t3r0s3-laptop kernel: [    5.492566] pci 0000:00:01.1: reg 20: [io  0xd000-0xd00f]
Nov  3 18:44:56 wh1t3r0s3-laptop kernel: [    5.492786] pci 0000:00:02.0: [80ee:beef] type 0 class 0x000300
Nov  3 18:44:56 wh1t3r0s3-laptop kernel: [    5.493484] pci 0000:00:02.0: reg 10: [mem 0xe0000000-0xe0ffffff pref]
Nov  3 18:44:56 wh1t3r0s3-laptop kernel: [    5.496777] pci 0000:00:03.0: [8086:100e] type 0 class 0x000200
Nov  3 18:44:56 wh1t3r0s3-laptop kernel: [    5.497149] pci 0000:00:03.0: reg 10: [mem 0xf0000000-0xf001ffff]
Nov  3 18:44:56 wh1t3r0s3-laptop kernel: [    5.497703] pci 0000:00:03.0: reg 18: [io  0xd010-0xd017]
Nov  3 18:44:56 wh1t3r0s3-laptop kernel: [    5.499100] pci 0000:00:04.0: [80ee:cafe] type 0 class 0x000880
Nov  3 18:44:56 wh1t3r0s3-laptop kernel: [    5.499437] pci 0000:00:04.0: reg 10: [io  0xd020-0xd03f]
Nov  3 18:44:56 wh1t3r0s3-laptop kernel: [    5.499736] pci 0000:00:04.0: reg 14: [mem 0xf0400000-0xf07fffff]
Nov  3 18:44:56 wh1t3r0s3-laptop kernel: [    5.500029] pci 0000:00:04.0: reg 18: [mem 0xf0800000-0xf0803fff pref]
Nov  3 18:44:56 wh1t3r0s3-laptop kernel: [    5.501225] pci 0000:00:05.0: [8086:2415] type 0 class 0x000401
Nov  3 18:44:56 wh1t3r0s3-laptop kernel: [    5.501302] pci 0000:00:05.0: reg 10: [io  0xd100-0xd1ff]
Nov  3 18:44:56 wh1t3r0s3-laptop kernel: [    5.501357] pci 0000:00:05.0: reg 14: [io  0xd200-0xd23f]
Nov  3 18:44:56 wh1t3r0s3-laptop kernel: [    5.501709] pci 0000:00:06.0: [106b:003f] type 0 class 0x000c03
Nov  3 18:44:56 wh1t3r0s3-laptop kernel: [    5.502031] pci 0000:00:06.0: reg 10: [mem 0xf0804000-0xf0804fff]
Nov  3 18:44:56 wh1t3r0s3-laptop kernel: [    5.503761] pci 0000:00:07.0: [8086:7113] type 0 class 0x000680
Nov  3 18:44:56 wh1t3r0s3-laptop kernel: [    5.504337] pci 0000:00:0d.0: [8086:2829] type 0 class 0x000106
Nov  3 18:44:56 wh1t3r0s3-laptop kernel: [    5.504718] pci 0000:00:0d.0: reg 10: [io  0xd240-0xd247]
Nov  3 18:44:56 wh1t3r0s3-laptop kernel: [    5.505317] pci 0000:00:0d.0: reg 18: [io  0xd250-0xd257]
Nov  3 18:44:56 wh1t3r0s3-laptop kernel: [    5.505877] pci 0000:00:0d.0: reg 20: [io  0xd260-0xd26f]
Nov  3 18:44:56 wh1t3r0s3-laptop kernel: [    5.506174] pci 0000:00:0d.0: reg 24: [mem 0xf0806000-0xf0807fff]
Nov  3 18:44:56 wh1t3r0s3-laptop kernel: [    5.506764] pci_bus 0000:00: on NUMA node 0
Nov  3 18:44:56 wh1t3r0s3-laptop kernel: [    5.506784] ACPI: PCI Interrupt Routing Table [\_SB_.PCI0._PRT]
Nov  3 18:44:56 wh1t3r0s3-laptop kernel: [    5.507304]  pci0000:00: Unable to request _OSC control (_OSC support mask: 0x1e)
Nov  3 18:44:56 wh1t3r0s3-laptop kernel: [    5.513347] ACPI: PCI Interrupt Link [LNKA] (IRQs 5 9 10 *11)
Nov  3 18:44:56 wh1t3r0s3-laptop kernel: [    5.513485] ACPI: PCI Interrupt Link [LNKB] (IRQs 5 9 10 *11)
Nov  3 18:44:56 wh1t3r0s3-laptop kernel: [    5.513539] ACPI: PCI Interrupt Link [LNKC] (IRQs 5 9 *10 11)
Nov  3 18:44:56 wh1t3r0s3-laptop kernel: [    5.513590] ACPI: PCI Interrupt Link [LNKD] (IRQs 5 *9 10 11)
Nov  3 18:44:56 wh1t3r0s3-laptop kernel: [    5.513716] vgaarb: device added: PCI:0000:00:02.0,decodes=io+mem,owns=io+mem,locks=none
Nov  3 18:44:56 wh1t3r0s3-laptop kernel: [    5.513719] vgaarb: loaded
Nov  3 18:44:56 wh1t3r0s3-laptop kernel: [    5.513720] vgaarb: bridge control possible 0000:00:02.0
Nov  3 18:44:56 wh1t3r0s3-laptop kernel: [    5.513788] i2c-core: driver [aat2870] using legacy suspend method
Nov  3 18:44:56 wh1t3r0s3-laptop kernel: [    5.513789] i2c-core: driver [aat2870] using legacy resume method
Nov  3 18:44:56 wh1t3r0s3-laptop kernel: [    5.513844] SCSI subsystem initialized
Nov  3 18:44:56 wh1t3r0s3-laptop kernel: [    5.513885] libata version 3.00 loaded.
Nov  3 18:44:56 wh1t3r0s3-laptop kernel: [    5.513922] usbcore: registered new interface driver usbfs
Nov  3 18:44:56 wh1t3r0s3-laptop kernel: [    5.513928] usbcore: registered new interface driver hub
Nov  3 18:44:56 wh1t3r0s3-laptop kernel: [    5.513945] usbcore: registered new device driver usb
Nov  3 18:44:56 wh1t3r0s3-laptop kernel: [    5.513996] PCI: Using ACPI for IRQ routing
Nov  3 18:44:56 wh1t3r0s3-laptop kernel: [    5.513998] PCI: pci_cache_line_size set to 64 bytes
Nov  3 18:44:56 wh1t3r0s3-laptop kernel: [    5.514164] reserve RAM buffer: 000000000009fc00 - 000000000009ffff 
Nov  3 18:44:56 wh1t3r0s3-laptop kernel: [    5.514168] reserve RAM buffer: 000000002fff0000 - 000000002fffffff 
Nov  3 18:44:56 wh1t3r0s3-laptop kernel: [    5.514232] NetLabel: Initializing
Nov  3 18:44:56 wh1t3r0s3-laptop kernel: [    5.514233] NetLabel:  domain hash size = 128
Nov  3 18:44:56 wh1t3r0s3-laptop kernel: [    5.514234] NetLabel:  protocols = UNLABELED CIPSOv4
Nov  3 18:44:56 wh1t3r0s3-laptop kernel: [    5.514240] NetLabel:  unlabeled traffic allowed by default
Nov  3 18:44:56 wh1t3r0s3-laptop kernel: [    5.514271] Switching to clocksource kvm-clock
Nov  3 18:44:56 wh1t3r0s3-laptop kernel: [    5.518126] AppArmor: AppArmor Filesystem Enabled
Nov  3 18:44:56 wh1t3r0s3-laptop kernel: [    5.518145] pnp: PnP ACPI init
Nov  3 18:44:56 wh1t3r0s3-laptop kernel: [    5.518154] ACPI: bus type pnp registered
Nov  3 18:44:56 wh1t3r0s3-laptop kernel: [    5.518220] pnp 00:00: [bus 00-ff]
Nov  3 18:44:56 wh1t3r0s3-laptop kernel: [    5.518222] pnp 00:00: [io  0x0cf8-0x0cff]
Nov  3 18:44:56 wh1t3r0s3-laptop kernel: [    5.518223] pnp 00:00: [io  0x0000-0x0cf7 window]
Nov  3 18:44:56 wh1t3r0s3-laptop kernel: [    5.518224] pnp 00:00: [io  0x0d00-0xffff window]
Nov  3 18:44:56 wh1t3r0s3-laptop kernel: [    5.518226] pnp 00:00: [mem 0x000a0000-0x000bffff window]
Nov  3 18:44:56 wh1t3r0s3-laptop kernel: [    5.518228] pnp 00:00: [mem 0x30000000-0xffdfffff window]
Nov  3 18:44:56 wh1t3r0s3-laptop kernel: [    5.518246] pnp 00:00: Plug and Play ACPI device, IDs PNP0a03 (active)
Nov  3 18:44:56 wh1t3r0s3-laptop kernel: [    5.518256] pnp 00:01: [io  0x0060]
Nov  3 18:44:56 wh1t3r0s3-laptop kernel: [    5.518257] pnp 00:01: [io  0x0064]
Nov  3 18:44:56 wh1t3r0s3-laptop kernel: [    5.518259] pnp 00:01: [irq 1]
Nov  3 18:44:56 wh1t3r0s3-laptop kernel: [    5.518270] pnp 00:01: Plug and Play ACPI device, IDs PNP0303 (active)
Nov  3 18:44:56 wh1t3r0s3-laptop kernel: [    5.518275] pnp 00:02: [io  0x0000-0x000f]
Nov  3 18:44:56 wh1t3r0s3-laptop kernel: [    5.518276] pnp 00:02: [io  0x0080-0x008f]
Nov  3 18:44:56 wh1t3r0s3-laptop kernel: [    5.518277] pnp 00:02: [io  0x00c0-0x00df]
Nov  3 18:44:56 wh1t3r0s3-laptop kernel: [    5.518278] pnp 00:02: [dma 4]
Nov  3 18:44:56 wh1t3r0s3-laptop kernel: [    5.518289] pnp 00:02: Plug and Play ACPI device, IDs PNP0200 (active)
Nov  3 18:44:56 wh1t3r0s3-laptop kernel: [    5.518346] pnp 00:03: [irq 12]
Nov  3 18:44:56 wh1t3r0s3-laptop kernel: [    5.518359] pnp 00:03: Plug and Play ACPI device, IDs PNP0f03 (active)
Nov  3 18:44:56 wh1t3r0s3-laptop kernel: [    5.518927] pnp: PnP ACPI: found 4 devices
Nov  3 18:44:56 wh1t3r0s3-laptop kernel: [    5.518929] ACPI: ACPI bus type pnp unregistered
Nov  3 18:44:56 wh1t3r0s3-laptop kernel: [    5.518931] PnPBIOS: Disabled by ACPI PNP
Nov  3 18:44:56 wh1t3r0s3-laptop kernel: [    5.553746] PCI: max bus depth: 0 pci_try_num: 1
Nov  3 18:44:56 wh1t3r0s3-laptop kernel: [    5.553754] pci_bus 0000:00: resource 0 [io  0x0000-0xffff]
Nov  3 18:44:56 wh1t3r0s3-laptop kernel: [    5.553755] pci_bus 0000:00: resource 1 [mem 0x00000000-0xffffffff]
Nov  3 18:44:56 wh1t3r0s3-laptop kernel: [    5.553776] NET: Registered protocol family 2
Nov  3 18:44:56 wh1t3r0s3-laptop kernel: [    5.555149] IP route cache hash table entries: 32768 (order: 5, 131072 bytes)
Nov  3 18:44:56 wh1t3r0s3-laptop kernel: [    5.555239] TCP established hash table entries: 131072 (order: 8, 1048576 bytes)
Nov  3 18:44:56 wh1t3r0s3-laptop kernel: [    5.555385] TCP bind hash table entries: 65536 (order: 7, 524288 bytes)
Nov  3 18:44:56 wh1t3r0s3-laptop kernel: [    5.555451] TCP: Hash tables configured (established 131072 bind 65536)
Nov  3 18:44:56 wh1t3r0s3-laptop kernel: [    5.555452] TCP reno registered
Nov  3 18:44:56 wh1t3r0s3-laptop kernel: [    5.555454] UDP hash table entries: 512 (order: 2, 16384 bytes)
Nov  3 18:44:56 wh1t3r0s3-laptop kernel: [    5.555457] UDP-Lite hash table entries: 512 (order: 2, 16384 bytes)
Nov  3 18:44:56 wh1t3r0s3-laptop kernel: [    5.555484] NET: Registered protocol family 1
Nov  3 18:44:56 wh1t3r0s3-laptop kernel: [    5.555490] pci 0000:00:00.0: Limiting direct PCI/PCI transfers
Nov  3 18:44:56 wh1t3r0s3-laptop kernel: [    5.555516] pci 0000:00:01.0: Activating ISA DMA hang workarounds
Nov  3 18:44:56 wh1t3r0s3-laptop kernel: [    5.555541] pci 0000:00:02.0: Boot video device
Nov  3 18:44:56 wh1t3r0s3-laptop kernel: [    5.555756] ACPI: PCI Interrupt Link [LNKB] enabled at IRQ 11
Nov  3 18:44:56 wh1t3r0s3-laptop kernel: [    5.555758] PCI: setting IRQ 11 as level-triggered
Nov  3 18:44:56 wh1t3r0s3-laptop kernel: [    5.555763] pci 0000:00:06.0: PCI INT A -> Link[LNKB] -> GSI 11 (level, low) -> IRQ 11
Nov  3 18:44:56 wh1t3r0s3-laptop kernel: [    5.555950] pci 0000:00:06.0: PCI INT A disabled
Nov  3 18:44:56 wh1t3r0s3-laptop kernel: [    5.555978] PCI: CLS 0 bytes, default 64
Nov  3 18:44:56 wh1t3r0s3-laptop kernel: [    5.556035] platform rtc_cmos: registered platform RTC device (no PNP device found)
Nov  3 18:44:56 wh1t3r0s3-laptop kernel: [    5.556195] audit: initializing netlink socket (disabled)
Nov  3 18:44:56 wh1t3r0s3-laptop kernel: [    5.556200] type=2000 audit(1446597889.088:1): initialized
Nov  3 18:44:56 wh1t3r0s3-laptop kernel: [    5.569696] Trying to unpack rootfs image as initramfs...
Nov  3 18:44:56 wh1t3r0s3-laptop kernel: [    5.589221] HugeTLB registered 4 MB page size, pre-allocated 0 pages
Nov  3 18:44:56 wh1t3r0s3-laptop kernel: [    5.594812] VFS: Disk quotas dquot_6.5.2
Nov  3 18:44:56 wh1t3r0s3-laptop kernel: [    5.594851] Dquot-cache hash table entries: 1024 (order 0, 4096 bytes)
Nov  3 18:44:56 wh1t3r0s3-laptop kernel: [    5.595251] fuse init (API version 7.17)
Nov  3 18:44:56 wh1t3r0s3-laptop kernel: [    5.595310] msgmni has been set to 1468
Nov  3 18:44:56 wh1t3r0s3-laptop kernel: [    5.611281] Block layer SCSI generic (bsg) driver version 0.4 loaded (major 253)
Nov  3 18:44:56 wh1t3r0s3-laptop kernel: [    5.611306] io scheduler noop registered
Nov  3 18:44:56 wh1t3r0s3-laptop kernel: [    5.611307] io scheduler deadline registered
Nov  3 18:44:56 wh1t3r0s3-laptop kernel: [    5.611312] io scheduler cfq registered (default)
Nov  3 18:44:56 wh1t3r0s3-laptop kernel: [    5.611375] pci_hotplug: PCI Hot Plug PCI Core version: 0.5
Nov  3 18:44:56 wh1t3r0s3-laptop kernel: [    5.611385] pciehp: PCI Express Hot Plug Controller Driver version: 0.4
Nov  3 18:44:56 wh1t3r0s3-laptop kernel: [    5.611386] acpiphp: ACPI Hot Plug PCI Controller Driver version: 0.5
Nov  3 18:44:56 wh1t3r0s3-laptop kernel: [    5.611807] ACPI: Deprecated procfs I/F for AC is loaded, please retry with CONFIG_ACPI_PROCFS_POWER cleared
Nov  3 18:44:56 wh1t3r0s3-laptop kernel: [    5.612105] ACPI: AC Adapter [AC] (on-line)
Nov  3 18:44:56 wh1t3r0s3-laptop kernel: [    5.612243] input: Power Button as /devices/LNXSYSTM:00/LNXPWRBN:00/input/input0
Nov  3 18:44:56 wh1t3r0s3-laptop kernel: [    5.612248] ACPI: Power Button [PWRF]
Nov  3 18:44:56 wh1t3r0s3-laptop kernel: [    5.612334] input: Sleep Button as /devices/LNXSYSTM:00/LNXSLPBN:00/input/input1
Nov  3 18:44:56 wh1t3r0s3-laptop kernel: [    5.612337] ACPI: Sleep Button [SLPF]
Nov  3 18:44:56 wh1t3r0s3-laptop kernel: [    5.613457] ACPI: Deprecated procfs I/F for battery is loaded, please retry with CONFIG_ACPI_PROCFS_POWER cleared
Nov  3 18:44:56 wh1t3r0s3-laptop kernel: [    5.613465] ACPI: Battery Slot [BAT0] (battery present)
Nov  3 18:44:56 wh1t3r0s3-laptop kernel: [    5.613840] ERST: Table is not found!
Nov  3 18:44:56 wh1t3r0s3-laptop kernel: [    5.613842] GHES: HEST is not enabled!
Nov  3 18:44:56 wh1t3r0s3-laptop kernel: [    5.613902] Serial: 8250/16550 driver, 32 ports, IRQ sharing enabled
Nov  3 18:44:56 wh1t3r0s3-laptop kernel: [    5.614664] Linux agpgart interface v0.103
Nov  3 18:44:56 wh1t3r0s3-laptop kernel: [    5.615695] brd: module loaded
Nov  3 18:44:56 wh1t3r0s3-laptop kernel: [    5.616973] ACPI: Battery Slot [BAT0] (battery present)
Nov  3 18:44:56 wh1t3r0s3-laptop kernel: [    5.616982] isapnp: Scanning for PnP cards...
Nov  3 18:44:56 wh1t3r0s3-laptop kernel: [    5.622697] loop: module loaded
Nov  3 18:44:56 wh1t3r0s3-laptop kernel: [    5.622791] ahci 0000:00:0d.0: version 3.0
Nov  3 18:44:56 wh1t3r0s3-laptop kernel: [    5.623338] ACPI: PCI Interrupt Link [LNKA] enabled at IRQ 11
Nov  3 18:44:56 wh1t3r0s3-laptop kernel: [    5.623342] ahci 0000:00:0d.0: PCI INT A -> Link[LNKA] -> GSI 11 (level, low) -> IRQ 11
Nov  3 18:44:56 wh1t3r0s3-laptop kernel: [    5.623462] ahci: SSS flag set, parallel bus scan disabled
Nov  3 18:44:56 wh1t3r0s3-laptop kernel: [    5.623593] ahci 0000:00:0d.0: AHCI 0001.0100 32 slots 1 ports 3 Gbps 0x1 impl SATA mode
Nov  3 18:44:56 wh1t3r0s3-laptop kernel: [    5.623596] ahci 0000:00:0d.0: flags: 64bit ncq stag only ccc 
Nov  3 18:44:56 wh1t3r0s3-laptop kernel: [    5.623615] ahci 0000:00:0d.0: setting latency timer to 64
Nov  3 18:44:56 wh1t3r0s3-laptop kernel: [    5.626385] scsi0 : ahci
Nov  3 18:44:56 wh1t3r0s3-laptop kernel: [    5.626439] ata1: SATA max UDMA/133 abar m8192@0xf0806000 port 0xf0806100 irq 11
Nov  3 18:44:56 wh1t3r0s3-laptop kernel: [    5.626474] ata_piix 0000:00:01.1: version 2.13
Nov  3 18:44:56 wh1t3r0s3-laptop kernel: [    5.626547] ata_piix 0000:00:01.1: setting latency timer to 64
Nov  3 18:44:56 wh1t3r0s3-laptop kernel: [    5.626734] scsi1 : ata_piix
Nov  3 18:44:56 wh1t3r0s3-laptop kernel: [    5.674905] scsi2 : ata_piix
Nov  3 18:44:56 wh1t3r0s3-laptop kernel: [    5.674956] ata2: PATA max UDMA/33 cmd 0x1f0 ctl 0x3f6 bmdma 0xd000 irq 14
Nov  3 18:44:56 wh1t3r0s3-laptop kernel: [    5.674958] ata3: PATA max UDMA/33 cmd 0x170 ctl 0x376 bmdma 0xd008 irq 15
Nov  3 18:44:56 wh1t3r0s3-laptop kernel: [    5.675185] Fixed MDIO Bus: probed
Nov  3 18:44:56 wh1t3r0s3-laptop kernel: [    5.675197] tun: Universal TUN/TAP device driver, 1.6
Nov  3 18:44:56 wh1t3r0s3-laptop kernel: [    5.675198] tun: (C) 1999-2004 Max Krasnyansky <maxk@qualcomm.com>
Nov  3 18:44:56 wh1t3r0s3-laptop kernel: [    5.675238] PPP generic driver version 2.4.2
Nov  3 18:44:56 wh1t3r0s3-laptop kernel: [    5.675294] ehci_hcd: USB 2.0 'Enhanced' Host Controller (EHCI) Driver
Nov  3 18:44:56 wh1t3r0s3-laptop kernel: [    5.675305] ohci_hcd: USB 1.1 'Open' Host Controller (OHCI) Driver
Nov  3 18:44:56 wh1t3r0s3-laptop kernel: [    5.675344] ohci_hcd 0000:00:06.0: PCI INT A -> Link[LNKB] -> GSI 11 (level, low) -> IRQ 11
Nov  3 18:44:56 wh1t3r0s3-laptop kernel: [    5.675401] ohci_hcd 0000:00:06.0: setting latency timer to 64
Nov  3 18:44:56 wh1t3r0s3-laptop kernel: [    5.675412] ohci_hcd 0000:00:06.0: OHCI Host Controller
Nov  3 18:44:56 wh1t3r0s3-laptop kernel: [    5.675440] ohci_hcd 0000:00:06.0: new USB bus registered, assigned bus number 1
Nov  3 18:44:56 wh1t3r0s3-laptop kernel: [    5.675473] ohci_hcd 0000:00:06.0: irq 11, io mem 0xf0804000
Nov  3 18:44:56 wh1t3r0s3-laptop kernel: [    5.733069] hub 1-0:1.0: USB hub found
Nov  3 18:44:56 wh1t3r0s3-laptop kernel: [    5.733083] hub 1-0:1.0: 12 ports detected
Nov  3 18:44:56 wh1t3r0s3-laptop kernel: [    5.733359] uhci_hcd: USB Universal Host Controller Interface driver
Nov  3 18:44:56 wh1t3r0s3-laptop kernel: [    5.733400] usbcore: registered new interface driver libusual
Nov  3 18:44:56 wh1t3r0s3-laptop kernel: [    5.733426] i8042: PNP: PS/2 Controller [PNP0303:PS2K,PNP0f03:PS2M] at 0x60,0x64 irq 1,12
Nov  3 18:44:56 wh1t3r0s3-laptop kernel: [    5.733819] serio: i8042 KBD port at 0x60,0x64 irq 1
Nov  3 18:44:56 wh1t3r0s3-laptop kernel: [    5.733826] serio: i8042 AUX port at 0x60,0x64 irq 12
Nov  3 18:44:56 wh1t3r0s3-laptop kernel: [    5.733932] mousedev: PS/2 mouse device common for all mice
Nov  3 18:44:56 wh1t3r0s3-laptop kernel: [    5.734362] input: AT Translated Set 2 keyboard as /devices/platform/i8042/serio0/input/input2
Nov  3 18:44:56 wh1t3r0s3-laptop kernel: [    5.734799] rtc_cmos rtc_cmos: rtc core: registered rtc_cmos as rtc0
Nov  3 18:44:56 wh1t3r0s3-laptop kernel: [    5.734838] rtc0: alarms up to one day, 114 bytes nvram
Nov  3 18:44:56 wh1t3r0s3-laptop kernel: [    5.734952] device-mapper: uevent: version 1.0.3
Nov  3 18:44:56 wh1t3r0s3-laptop kernel: [    5.735015] device-mapper: ioctl: 4.22.0-ioctl (2011-10-19) initialised: dm-devel@redhat.com
Nov  3 18:44:56 wh1t3r0s3-laptop kernel: [    5.735033] EISA: Probing bus 0 at eisa.0
